Archive member included to satisfy reference by file (symbol)

/opt/devkitpro/libctru/lib/libcitro2d.a(base.o)
                              main.o (C2D_Init)
/opt/devkitpro/libctru/lib/libcitro2d.a(spritesheet.o)
                              main.o (C2D_SpriteSheetLoad)
/opt/devkitpro/libctru/lib/libcitro2d.a(text.o)
                              main.o (C2D_TextBufNew)
/opt/devkitpro/libctru/lib/libcitro2d.a(render2d_shbin.o)
                              /opt/devkitpro/libctru/lib/libcitro2d.a(base.o) (render2d_shbin)
/opt/devkitpro/libctru/lib/libcitro2d.a(font.o)
                              /opt/devkitpro/libctru/lib/libcitro2d.a(text.o) (C2D_FontGlyphIndexFromCodePoint)
/opt/devkitpro/libctru/lib/libcitro3d.a(attribs.o)
                              /opt/devkitpro/libctru/lib/libcitro2d.a(base.o) (AttrInfo_Init)
/opt/devkitpro/libctru/lib/libcitro3d.a(base.o)
                              /opt/devkitpro/libctru/lib/libcitro3d.a(attribs.o) (__C3D_Context)
/opt/devkitpro/libctru/lib/libcitro3d.a(buffers.o)
                              /opt/devkitpro/libctru/lib/libcitro2d.a(base.o) (BufInfo_Init)
/opt/devkitpro/libctru/lib/libcitro3d.a(drawElements.o)
                              /opt/devkitpro/libctru/lib/libcitro2d.a(base.o) (C3D_DrawElements)
/opt/devkitpro/libctru/lib/libcitro3d.a(effect.o)
                              /opt/devkitpro/libctru/lib/libcitro3d.a(base.o) (C3D_DepthMap)
/opt/devkitpro/libctru/lib/libcitro3d.a(framebuffer.o)
                              /opt/devkitpro/libctru/lib/libcitro3d.a(base.o) (C3Di_FrameBufBind)
/opt/devkitpro/libctru/lib/libcitro3d.a(immediate.o)
                              /opt/devkitpro/libctru/lib/libcitro3d.a(base.o) (C3D_ImmSendAttrib)
/opt/devkitpro/libctru/lib/libcitro3d.a(proctex.o)
                              /opt/devkitpro/libctru/lib/libcitro2d.a(base.o) (C3D_ProcTexInit)
/opt/devkitpro/libctru/lib/libcitro3d.a(renderqueue.o)
                              /opt/devkitpro/libctru/lib/libcitro3d.a(base.o) (C3Di_RenderQueueEnableVBlank)
/opt/devkitpro/libctru/lib/libcitro3d.a(tex3ds.o)
                              /opt/devkitpro/libctru/lib/libcitro2d.a(spritesheet.o) (Tex3DS_TextureImport)
/opt/devkitpro/libctru/lib/libcitro3d.a(texenv.o)
                              /opt/devkitpro/libctru/lib/libcitro2d.a(base.o) (C3D_GetTexEnv)
/opt/devkitpro/libctru/lib/libcitro3d.a(texture.o)
                              /opt/devkitpro/libctru/lib/libcitro3d.a(tex3ds.o) (C3D_TexInitWithParams)
/opt/devkitpro/libctru/lib/libcitro3d.a(uniforms.o)
                              /opt/devkitpro/libctru/lib/libcitro3d.a(base.o) (C3D_UpdateUniforms)
/opt/devkitpro/libctru/lib/libcitro3d.a(mtx_multiply.o)
                              /opt/devkitpro/libctru/lib/libcitro2d.a(base.o) (Mtx_Multiply)
/opt/devkitpro/libctru/lib/libcitro3d.a(mtx_ortho.o)
                              /opt/devkitpro/libctru/lib/libcitro2d.a(base.o) (Mtx_Ortho)
/opt/devkitpro/libctru/lib/libcitro3d.a(mtx_orthotilt.o)
                              /opt/devkitpro/libctru/lib/libcitro2d.a(base.o) (Mtx_OrthoTilt)
/opt/devkitpro/libctru/lib/libcitro3d.a(mtx_rotatez.o)
                              /opt/devkitpro/libctru/lib/libcitro2d.a(base.o) (Mtx_RotateZ)
/opt/devkitpro/libctru/lib/libcitro3d.a(mtx_scale.o)
                              /opt/devkitpro/libctru/lib/libcitro2d.a(base.o) (Mtx_Scale)
/opt/devkitpro/libctru/lib/libcitro3d.a(mtx_translate.o)
                              /opt/devkitpro/libctru/lib/libcitro2d.a(base.o) (Mtx_Translate)
/opt/devkitpro/libctru/lib/libctru.a(linear.o)
                              main.o (linearAlloc)
/opt/devkitpro/libctru/lib/libctru.a(mem_pool.o)
                              /opt/devkitpro/libctru/lib/libctru.a(linear.o) (_ZN7MemPool8AllocateER8MemChunkmi)
/opt/devkitpro/libctru/lib/libctru.a(vram.o)
                              /opt/devkitpro/libctru/lib/libcitro3d.a(renderqueue.o) (vramAlloc)
/opt/devkitpro/libctru/lib/libctru.a(font.o)
                              /opt/devkitpro/libctru/lib/libcitro2d.a(text.o) (fontEnsureMapped)
/opt/devkitpro/libctru/lib/libctru.a(gfx.o)
                              /opt/devkitpro/libctru/lib/libcitro2d.a(base.o) (gfxIsWide)
/opt/devkitpro/libctru/lib/libctru.a(os.o)
                              /opt/devkitpro/libctru/lib/libcitro3d.a(buffers.o) (osConvertVirtToPhys)
/opt/devkitpro/libctru/lib/libctru.a(romfs_dev.o)
                              main.o (romfsMountSelf)
/opt/devkitpro/libctru/lib/libctru.a(gpu.o)
                              /opt/devkitpro/libctru/lib/libcitro3d.a(renderqueue.o) (gpuCmdBuf)
/opt/devkitpro/libctru/lib/libctru.a(gx.o)
                              /opt/devkitpro/libctru/lib/libcitro3d.a(renderqueue.o) (GX_BindQueue)
/opt/devkitpro/libctru/lib/libctru.a(gxqueue.o)
                              /opt/devkitpro/libctru/lib/libcitro3d.a(renderqueue.o) (gxCmdQueueClear)
/opt/devkitpro/libctru/lib/libctru.a(shaderProgram.o)
[...]
Memory Configuration

Name             Origin             Length             Attributes
*default*        0x00000000         0xffffffff

Linker script and memory map

                0x00000000                        __sync_synchronize = __sync_synchronize_dmb
                0x00100000                        PROVIDE (__start__ = 0x100000)
                0x00100000                        . = __start__

.text           0x00100000    0x475dc
 *(.crt0)
 .crt0          0x00100000       0x94 /opt/devkitpro/devkitARM/lib/gcc/arm-none-eabi/15.2.0/../../../../arm-none-eabi/lib/armv6k/fpu/3dsx_crt0.o
                0x00100000                _start
                0x00100008                __service_ptr
                0x0010000c                __apt_appid
                0x00100010                __heap_size
                0x00100014                __linear_heap_size
                0x00100018                __system_arglist
                0x0010001c                __system_runflags
 *(.init)
 .init          0x00100094        0xc /opt/devkitpro/devkitARM/lib/gcc/arm-none-eabi/15.2.0/armv6k/fpu/crti.o
                0x00100094                _init
 .init          0x001000a0        0xc /opt/devkitpro/devkitARM/lib/gcc/arm-none-eabi/15.2.0/armv6k/fpu/crtn.o
                0x001000ac                        . = ALIGN (0x4)
 *(.text)
 .text          0x001000ac      0x20c /opt/devkitpro/devkitARM/lib/gcc/arm-none-eabi/15.2.0/armv6k/fpu/libgcc.a(_udivsi3.o)
                0x001000ac                __udivsi3
                0x001000ac                __aeabi_uidiv
                0x00100298                __aeabi_uidivmod
 .text          0x001002b8      0x240 /opt/devkitpro/devkitARM/lib/gcc/arm-none-eabi/15.2.0/armv6k/fpu/libgcc.a(_divsi3.o)
                0x001002b8                __aeabi_idiv
                0x001002b8                __divsi3
                0x001004d8                __aeabi_idivmod
 .text          0x001004f8        0x4 /opt/devkitpro/devkitARM/lib/gcc/arm-none-eabi/15.2.0/armv6k/fpu/libgcc.a(_dvmd_tls.o)
                0x001004f8                __aeabi_ldiv0
                0x001004f8                __aeabi_idiv0
 .text          0x001004fc      0x3c0 /opt/devkitpro/devkitARM/lib/gcc/arm-none-eabi/15.2.0/armv6k/fpu/libgcc.a(_arm_addsubdf3.o)
                0x001004fc                __aeabi_drsub
                0x00100504                __subdf3
                0x00100504                __aeabi_dsub
                0x00100508                __aeabi_dadd
                0x00100508                __adddf3
                0x001007b4                __aeabi_ui2d
                0x001007b4                __floatunsidf
                0x001007d8                __floatsidf
                0x001007d8                __aeabi_i2d
                0x00100800                __extendsfdf2
                0x00100800                __aeabi_f2d
                0x00100848                __aeabi_ul2d
                0x00100848                __floatundidf
                0x0010085c                __aeabi_l2d
                0x0010085c                __floatdidf
 .text          0x001008bc      0x250 /opt/devkitpro/devkitARM/lib/gcc/arm-none-eabi/15.2.0/armv6k/fpu/libgcc.a(_arm_addsubsf3.o)
                0x001008bc                __aeabi_frsub
                0x001008c4                __aeabi_fsub
                0x001008c4                __subsf3
                0x001008c8                __aeabi_fadd
                0x001008c8                __addsf3
                0x00100a58                __aeabi_ui2f
                0x00100a58                __floatunsisf
                0x00100a60                __floatsisf
                0x00100a60                __aeabi_i2f
                0x00100a80                __aeabi_ul2f
                0x00100a80                __floatundisf
                0x00100a90                __aeabi_l2f
                0x00100a90                __floatdisf
 .text          0x00100b0c       0xd4 /opt/devkitpro/devkitARM/lib/gcc/arm-none-eabi/15.2.0/armv6k/fpu/libgcc.a(_aeabi_ldivmod.o)
                0x00100b0c                __aeabi_ldivmod
 .text          0x00100be0       0x3c /opt/devkitpro/devkitARM/lib/gcc/arm-none-eabi/15.2.0/armv6k/fpu/libgcc.a(_aeabi_uldivmod.o)
                0x00100be0                __aeabi_uldivmod
 *fill*         0x00100c1c        0x4 
 .text          0x00100c20      0x390 /opt/devkitpro/devkitARM/lib/gcc/arm-none-eabi/15.2.0/../../../../arm-none-eabi/lib/armv6k/fpu/libg.a(libc_a-strcmp.o)
                0x00100c28                strcmp
 *(.text.*)
 .text.__do_global_dtors_aux
                0x00100fb0       0x50 /opt/devkitpro/devkitARM/lib/gcc/arm-none-eabi/15.2.0/armv6k/fpu/crtbegin.o
 .text.frame_dummy
                0x00101000       0x2c /opt/devkitpro/devkitARM/lib/gcc/arm-none-eabi/15.2.0/armv6k/fpu/crtbegin.o
 .text.getSeasonForDate
                0x0010102c       0x88 main.o
 .text.findAdjacentDiaryEntry
                0x001010b4      0x11c main.o
 .text.applyHoldTargetIncrement
                0x001011d0      0x244 main.o
 .text.getHoldTargetAtTouch
                0x00101414      0x294 main.o
 .text.getForestBackgroundImageForSeason
                0x001016a8      0x15c main.o
 .text.resetForestButterflies
                0x00101804      0x2d0 main.o
 .text.resetForestHedgehogs
                0x00101ad4       0xfc main.o
 .text.initHare
                0x00101bd0       0xb4 main.o
 .text.hareResumeWalking
                0x00101c84       0xc0 main.o
 .text.loadWavFile
                0x00101d44      0x280 main.o
 .text.updateAndDrawBottomRain
                0x00101fc4      0x208 main.o
 .text.getRainbowColor
                0x001021cc      0x144 main.o
 .text.drawSlimShadowTitle
                0x00102310       0xa4 main.o
 .text.getHareYForX
                0x001023b4       0xa8 main.o
 .text.initSingleCloud
                0x0010245c      0x1c4 main.o
 .text.initForestSky
                0x00102620      0xa6c main.o
 .text.spawnForestPlane.part.0
                0x0010308c       0xd8 main.o
 .text.wrapTextIntoLines.constprop.0
                0x00103164      0x284 main.o
 .text.getNoteTitleLine.constprop.0
                0x001033e8       0x9c main.o
 .text.getNotesOrderedByModified.constprop.0
                0x00103484       0xa8 main.o
 .text.updateAndDrawBottomSnow
                0x0010352c      0x224 main.o
 .text.drawClouds
                0x00103750      0x360 main.o
 .text.drawStepperButtons
                0x00103ab0      0x184 main.o
 .text.updateAndDrawForestBirds
                0x00103c34      0x438 main.o
 .text.updateAndDrawForestRobin
                0x0010406c     0x18e4 main.o
 .text.updateAndDrawForestPlane
                0x00105950      0x67c main.o
 .text.drawSun  0x00105fcc      0x30c main.o
 .text.fetchWeatherFromInternet.isra.0
                0x001062d8      0x628 main.o
 .text.updateInput
                0x00106900     0x2acc main.o
 .text.updateAndDrawForestGreyBird
                0x001093cc     0x17cc main.o
 .text.drawBackground
                0x0010ab98     0x3438 main.o
 .text.drawBottomScreen
                0x0010dfd0     0x78b8 main.o
 .text.startup.main
                0x00115888     0x350c main.o
                0x00115888                main
 .text.C2Di_FrameEndHook
                0x00118d94       0x44 /opt/devkitpro/libctru/lib/libcitro2d.a(base.o)
 .text.C2D_Init
                0x00118dd8      0x368 /opt/devkitpro/libctru/lib/libcitro2d.a(base.o)
                0x00118dd8                C2D_Init
 .text.C2D_Fini
                0x00119140       0x4c /opt/devkitpro/libctru/lib/libcitro2d.a(base.o)
                0x00119140                C2D_Fini
 .text.C2D_Prepare
                0x0011918c       0xbc /opt/devkitpro/libctru/lib/libcitro2d.a(base.o)
                0x0011918c                C2D_Prepare
 .text.C2D_Flush
                0x00119248       0x48 /opt/devkitpro/libctru/lib/libcitro2d.a(base.o)
                0x00119248                C2D_Flush
 .text.C2D_SceneSize
                0x00119290       0xfc /opt/devkitpro/libctru/lib/libcitro2d.a(base.o)
                0x00119290                C2D_SceneSize
 .text.C2D_CreateScreenTarget
                0x0011938c       0x60 /opt/devkitpro/libctru/lib/libcitro2d.a(base.o)
                0x0011938c                C2D_CreateScreenTarget
 .text.C2D_TargetClear
                0x001193ec       0x60 /opt/devkitpro/libctru/lib/libcitro2d.a(base.o)
                0x001193ec                C2D_TargetClear
 .text.C2Di_CalcQuad
                0x0011944c      0x14c /opt/devkitpro/libctru/lib/libcitro2d.a(base.o)
                0x0011944c                C2Di_CalcQuad
 .text.C2Di_AppendQuad
                0x00119598       0x54 /opt/devkitpro/libctru/lib/libcitro2d.a(base.o)
                0x00119598                C2Di_AppendQuad
 .text.C2Di_AppendVtx
                0x001195ec       0x40 /opt/devkitpro/libctru/lib/libcitro2d.a(base.o)
                0x001195ec                C2Di_AppendVtx
 .text.C2Di_Update
                0x0011962c      0x738 /opt/devkitpro/libctru/lib/libcitro2d.a(base.o)
                0x0011962c                C2Di_Update
 .text.C2D_DrawImage
                0x00119d64      0x2e8 /opt/devkitpro/libctru/lib/libcitro2d.a(base.o)
                0x00119d64                C2D_DrawImage
 .text.C2D_DrawLine
                0x0011a04c      0x1e0 /opt/devkitpro/libctru/lib/libcitro2d.a(base.o)
                0x0011a04c                C2D_DrawLine
 .text.C2D_DrawRectangle
                0x0011a22c      0x168 /opt/devkitpro/libctru/lib/libcitro2d.a(base.o)
                0x0011a22c                C2D_DrawRectangle
 .text.C2D_DrawEllipse
                0x0011a394      0x174 /opt/devkitpro/libctru/lib/libcitro2d.a(base.o)
                0x0011a394                C2D_DrawEllipse
 .text.C2D_SpriteSheetLoadFromHandle
                0x0011a508       0x68 /opt/devkitpro/libctru/lib/libcitro2d.a(spritesheet.o)
                0x0011a508                C2D_SpriteSheetLoadFromHandle
 .text.C2D_SpriteSheetLoad
                0x0011a570       0x48 /opt/devkitpro/libctru/lib/libcitro2d.a(spritesheet.o)
                0x0011a570                C2D_SpriteSheetLoad
 .text.C2D_SpriteSheetFree
                0x0011a5b8       0x28 /opt/devkitpro/libctru/lib/libcitro2d.a(spritesheet.o)
                0x0011a5b8                C2D_SpriteSheetFree
 .text.C2D_SpriteSheetGetImage
                0x0011a5e0       0x28 /opt/devkitpro/libctru/lib/libcitro2d.a(spritesheet.o)
                0x0011a5e0                C2D_SpriteSheetGetImage
 .text.C2Di_GlyphComp
                0x0011a608       0x18 /opt/devkitpro/libctru/lib/libcitro2d.a(text.o)
 .text.C2Di_CalcLineWidths
                0x0011a620      0x180 /opt/devkitpro/libctru/lib/libcitro2d.a(text.o)
 .text.C2D_TextBufNew
                0x0011a7a0      0x1d0 /opt/devkitpro/libctru/lib/libcitro2d.a(text.o)
                0x0011a7a0                C2D_TextBufNew
 .text.C2D_TextBufDelete
                0x0011a970        0x4 /opt/devkitpro/libctru/lib/libcitro2d.a(text.o)
                0x0011a970                C2D_TextBufDelete
 .text.C2D_TextBufClear
                0x0011a974        0xc /opt/devkitpro/libctru/lib/libcitro2d.a(text.o)
                0x0011a974                C2D_TextBufClear
 .text.C2D_TextFontParseLine
                0x0011a980      0x1c4 /opt/devkitpro/libctru/lib/libcitro2d.a(text.o)
                0x0011a980                C2D_TextFontParseLine
 .text.C2D_TextFontParse
                0x0011ab44       0xa4 /opt/devkitpro/libctru/lib/libcitro2d.a(text.o)
                0x0011ab44                C2D_TextFontParse
 .text.C2D_TextParse
                0x0011abe8       0x10 /opt/devkitpro/libctru/lib/libcitro2d.a(text.o)
                0x0011abe8                C2D_TextParse
 .text.C2D_TextOptimize
                0x0011abf8       0x30 /opt/devkitpro/libctru/lib/libcitro2d.a(text.o)
                0x0011abf8                C2D_TextOptimize
 .text.C2D_TextGetDimensions
                0x0011ac28       0xe8 /opt/devkitpro/libctru/lib/libcitro2d.a(text.o)
                0x0011ac28                C2D_TextGetDimensions
 .text.C2D_DrawText
                0x0011ad10      0xfdc /opt/devkitpro/libctru/lib/libcitro2d.a(text.o)
                0x0011ad10                C2D_DrawText
 .text.C2D_FontGlyphIndexFromCodePoint
                0x0011bcec       0x50 /opt/devkitpro/libctru/lib/libcitro2d.a(font.o)
                0x0011bcec                C2D_FontGlyphIndexFromCodePoint
 .text.C2D_FontCalcGlyphPos
                0x0011bd3c       0x74 /opt/devkitpro/libctru/lib/libcitro2d.a(font.o)
                0x0011bd3c                C2D_FontCalcGlyphPos
 .text.AttrInfo_Init
                0x0011bdb0       0x28 /opt/devkitpro/libctru/lib/libcitro3d.a(attribs.o)
                0x0011bdb0                AttrInfo_Init
 .text.AttrInfo_AddLoader
                0x0011bdd8       0x94 /opt/devkitpro/libctru/lib/libcitro3d.a(attribs.o)
                0x0011bdd8                AttrInfo_AddLoader
 .text.C3D_SetAttrInfo
                0x0011be6c       0x54 /opt/devkitpro/libctru/lib/libcitro3d.a(attribs.o)
                0x0011be6c                C3D_SetAttrInfo
 .text.C3Di_AttrInfoBind
                0x0011bec0       0x80 /opt/devkitpro/libctru/lib/libcitro3d.a(attribs.o)
                0x0011bec0                C3Di_AttrInfoBind
 .text.C3Di_LightEnvUpdate
                0x0011bf40        0x4 /opt/devkitpro/libctru/lib/libcitro3d.a(base.o)
                0x0011bf40                C3Di_LightEnvUpdate
 .text.C3Di_LightEnvDirty
                0x0011bf44        0x4 /opt/devkitpro/libctru/lib/libcitro3d.a(base.o)
                0x0011bf44                C3Di_LightEnvDirty
 .text.C3Di_AptEventHook
                0x0011bf48       0xb4 /opt/devkitpro/libctru/lib/libcitro3d.a(base.o)
 .text.C3Di_GasUpdate
                0x0011bffc        0x4 /opt/devkitpro/libctru/lib/libcitro3d.a(base.o)
                0x0011bffc                C3Di_GasUpdate
 .text.C3D_Init
                0x0011c000      0x1d0 /opt/devkitpro/libctru/lib/libcitro3d.a(base.o)
                0x0011c000                C3D_Init
 .text.C3D_SetViewport
                0x0011c1d0       0x98 /opt/devkitpro/libctru/lib/libcitro3d.a(base.o)
                0x0011c1d0                C3D_SetViewport
 .text.C3Di_UpdateContext
                0x0011c268      0x4e8 /opt/devkitpro/libctru/lib/libcitro3d.a(base.o)
                0x0011c268                C3Di_UpdateContext
 .text.C3Di_SplitFrame
                0x0011c750       0xe0 /opt/devkitpro/libctru/lib/libcitro3d.a(base.o)
                0x0011c750                C3Di_SplitFrame
 .text.C3D_Fini
                0x0011c830       0x44 /opt/devkitpro/libctru/lib/libcitro3d.a(base.o)
                0x0011c830                C3D_Fini
 .text.C3D_BindProgram
                0x0011c874      0x194 /opt/devkitpro/libctru/lib/libcitro3d.a(base.o)
                0x0011c874                C3D_BindProgram
 .text.BufInfo_Init
                0x0011ca08       0x24 /opt/devkitpro/libctru/lib/libcitro3d.a(buffers.o)
                0x0011ca08                BufInfo_Init
 .text.BufInfo_Add
                0x0011ca2c       0x80 /opt/devkitpro/libctru/lib/libcitro3d.a(buffers.o)
                0x0011ca2c                BufInfo_Add
 .text.C3D_SetBufInfo
                0x0011caac       0x3c /opt/devkitpro/libctru/lib/libcitro3d.a(buffers.o)
                0x0011caac                C3D_SetBufInfo
 .text.C3Di_BufInfoBind
                0x0011cae8       0x48 /opt/devkitpro/libctru/lib/libcitro3d.a(buffers.o)
                0x0011cae8                C3Di_BufInfoBind
 .text.C3D_DrawElements
                0x0011cb30      0x21c /opt/devkitpro/libctru/lib/libcitro3d.a(drawElements.o)
                0x0011cb30                C3D_DrawElements
 .text.C3D_DepthMap
                0x0011cd4c       0x40 /opt/devkitpro/libctru/lib/libcitro3d.a(effect.o)
                0x0011cd4c                C3D_DepthMap
 .text.C3D_CullFace
                0x0011cd8c       0x1c /opt/devkitpro/libctru/lib/libcitro3d.a(effect.o)
                0x0011cd8c                C3D_CullFace
 .text.C3D_StencilTest
                0x0011cda8       0x40 /opt/devkitpro/libctru/lib/libcitro3d.a(effect.o)
                0x0011cda8                C3D_StencilTest
 .text.C3D_StencilOp
                0x0011cde8       0x24 /opt/devkitpro/libctru/lib/libcitro3d.a(effect.o)
                0x0011cde8                C3D_StencilOp
 .text.C3D_BlendingColor
                0x0011ce0c       0x1c /opt/devkitpro/libctru/lib/libcitro3d.a(effect.o)
                0x0011ce0c                C3D_BlendingColor
 .text.C3D_EarlyDepthTest
                0x0011ce28       0x24 /opt/devkitpro/libctru/lib/libcitro3d.a(effect.o)
                0x0011ce28                C3D_EarlyDepthTest
 .text.C3D_DepthTest
                0x0011ce4c       0x2c /opt/devkitpro/libctru/lib/libcitro3d.a(effect.o)
                0x0011ce4c                C3D_DepthTest
 .text.C3D_AlphaTest
                0x0011ce78       0x2c /opt/devkitpro/libctru/lib/libcitro3d.a(effect.o)
                0x0011ce78                C3D_AlphaTest
 .text.C3D_AlphaBlend
                0x0011cea4       0x50 /opt/devkitpro/libctru/lib/libcitro3d.a(effect.o)
                0x0011cea4                C3D_AlphaBlend
 .text.C3D_FragOpMode
                0x0011cef4       0x30 /opt/devkitpro/libctru/lib/libcitro3d.a(effect.o)
                0x0011cef4                C3D_FragOpMode
 .text.C3D_FragOpShadow
                0x0011cf24       0x44 /opt/devkitpro/libctru/lib/libcitro3d.a(effect.o)
                0x0011cf24                C3D_FragOpShadow
 .text.C3Di_EffectBind
                0x0011cf68      0x1ac /opt/devkitpro/libctru/lib/libcitro3d.a(effect.o)
                0x0011cf68                C3Di_EffectBind
 .text.C3D_CalcColorBufSize
                0x0011d114       0x1c /opt/devkitpro/libctru/lib/libcitro3d.a(framebuffer.o)
                0x0011d114                C3D_CalcColorBufSize
 .text.C3D_CalcDepthBufSize
                0x0011d130       0x1c /opt/devkitpro/libctru/lib/libcitro3d.a(framebuffer.o)
                0x0011d130                C3D_CalcDepthBufSize
 .text.C3D_SetFrameBuf
                0x0011d14c       0x44 /opt/devkitpro/libctru/lib/libcitro3d.a(framebuffer.o)
                0x0011d14c                C3D_SetFrameBuf
 .text.C3Di_FrameBufBind
                0x0011d190      0x16c /opt/devkitpro/libctru/lib/libcitro3d.a(framebuffer.o)
                0x0011d190                C3Di_FrameBufBind
 .text.C3D_FrameBufClear
                0x0011d2fc       0xc8 /opt/devkitpro/libctru/lib/libcitro3d.a(framebuffer.o)
                0x0011d2fc                C3D_FrameBufClear
 .text.C3D_FrameBufTransfer
                0x0011d3c4       0x44 /opt/devkitpro/libctru/lib/libcitro3d.a(framebuffer.o)
                0x0011d3c4                C3D_FrameBufTransfer
 .text.C3D_ImmSendAttrib
                0x0011d408       0xa8 /opt/devkitpro/libctru/lib/libcitro3d.a(immediate.o)
                0x0011d408                C3D_ImmSendAttrib
 .text.C3D_ProcTexInit
                0x0011d4b0       0x70 /opt/devkitpro/libctru/lib/libcitro3d.a(proctex.o)
                0x0011d4b0                C3D_ProcTexInit
 .text.C3D_ProcTexBind
                0x0011d520       0x54 /opt/devkitpro/libctru/lib/libcitro3d.a(proctex.o)
                0x0011d520                C3D_ProcTexBind
 .text.C3D_ProcTexLutBind
                0x0011d574       0x5c /opt/devkitpro/libctru/lib/libcitro3d.a(proctex.o)
                0x0011d574                C3D_ProcTexLutBind
 .text.ProcTexLut_FromArray
                0x0011d5d0       0xa4 /opt/devkitpro/libctru/lib/libcitro3d.a(proctex.o)
                0x0011d5d0                ProcTexLut_FromArray
 .text.C3Di_ProcTexUpdate
                0x0011d674      0x178 /opt/devkitpro/libctru/lib/libcitro3d.a(proctex.o)
                0x0011d674                C3Di_ProcTexUpdate
 .text.C3Di_ProcTexDirty
                0x0011d7ec       0x68 /opt/devkitpro/libctru/lib/libcitro3d.a(proctex.o)
                0x0011d7ec                C3Di_ProcTexDirty
 .text.onVBlank0
                0x0011d854       0x4c /opt/devkitpro/libctru/lib/libcitro3d.a(renderqueue.o)
 .text.onVBlank1
                0x0011d8a0       0x4c /opt/devkitpro/libctru/lib/libcitro3d.a(renderqueue.o)
 .text.C3Di_RenderTargetDestroy
                0x0011d8ec       0x80 /opt/devkitpro/libctru/lib/libcitro3d.a(renderqueue.o)
 .text.onQueueFinish
                0x0011d96c       0xf4 /opt/devkitpro/libctru/lib/libcitro3d.a(renderqueue.o)
 .text.C3Di_RenderQueueEnableVBlank
                0x0011da60       0x38 /opt/devkitpro/libctru/lib/libcitro3d.a(renderqueue.o)
                0x0011da60                C3Di_RenderQueueEnableVBlank
 .text.C3Di_RenderQueueDisableVBlank
                0x0011da98       0x30 /opt/devkitpro/libctru/lib/libcitro3d.a(renderqueue.o)
                0x0011da98                C3Di_RenderQueueDisableVBlank
 .text.C3Di_RenderQueueInit
                0x0011dac8       0x60 /opt/devkitpro/libctru/lib/libcitro3d.a(renderqueue.o)
                0x0011dac8                C3Di_RenderQueueInit
 .text.C3Di_RenderQueueExit
                0x0011db28       0xb4 /opt/devkitpro/libctru/lib/libcitro3d.a(renderqueue.o)
                0x0011db28                C3Di_RenderQueueExit
 .text.C3Di_RenderQueueWaitDone
                0x0011dbdc       0x34 /opt/devkitpro/libctru/lib/libcitro3d.a(renderqueue.o)
                0x0011dbdc                C3Di_RenderQueueWaitDone
 .text.C3D_FrameBegin
                0x0011dc10       0xe8 /opt/devkitpro/libctru/lib/libcitro3d.a(renderqueue.o)
                0x0011dc10                C3D_FrameBegin
 .text.C3D_FrameDrawOn
                0x0011dcf8       0x48 /opt/devkitpro/libctru/lib/libcitro3d.a(renderqueue.o)
                0x0011dcf8                C3D_FrameDrawOn
 .text.C3D_FrameSplit
                0x0011dd40       0x58 /opt/devkitpro/libctru/lib/libcitro3d.a(renderqueue.o)
                0x0011dd40                C3D_FrameSplit
 .text.C3D_FrameEnd
                0x0011dd98      0x1d0 /opt/devkitpro/libctru/lib/libcitro3d.a(renderqueue.o)
                0x0011dd98                C3D_FrameEnd
 .text.C3D_FrameEndHook
                0x0011df68       0x1c /opt/devkitpro/libctru/lib/libcitro3d.a(renderqueue.o)
                0x0011df68                C3D_FrameEndHook
 .text.C3D_RenderTargetCreate
                0x0011df84      0x170 /opt/devkitpro/libctru/lib/libcitro3d.a(renderqueue.o)
                0x0011df84                C3D_RenderTargetCreate
 .text.C3D_RenderTargetSetOutput
                0x0011e0f4       0xa8 /opt/devkitpro/libctru/lib/libcitro3d.a(renderqueue.o)
                0x0011e0f4                C3D_RenderTargetSetOutput
 .text.C3D_SyncTextureCopy
                0x0011e19c       0xfc /opt/devkitpro/libctru/lib/libcitro3d.a(renderqueue.o)
                0x0011e19c                C3D_SyncTextureCopy
 .text.Tex3DSi_ImportCommon
                0x0011e298      0x3d8 /opt/devkitpro/libctru/lib/libcitro3d.a(tex3ds.o)
 .text.Tex3DS_TextureImportStdio
                0x0011e670       0x38 /opt/devkitpro/libctru/lib/libcitro3d.a(tex3ds.o)
                0x0011e670                Tex3DS_TextureImportStdio
 .text.Tex3DS_GetSubTexture
                0x0011e6a8       0x1c /opt/devkitpro/libctru/lib/libcitro3d.a(tex3ds.o)
                0x0011e6a8                Tex3DS_GetSubTexture
 .text.Tex3DS_TextureFree
                0x0011e6c4        0x4 /opt/devkitpro/libctru/lib/libcitro3d.a(tex3ds.o)
                0x0011e6c4                Tex3DS_TextureFree
 .text.C3D_GetTexEnv
                0x0011e6c8       0x34 /opt/devkitpro/libctru/lib/libcitro3d.a(texenv.o)
                0x0011e6c8                C3D_GetTexEnv
 .text.C3Di_TexEnvBind
                0x0011e6fc       0x24 /opt/devkitpro/libctru/lib/libcitro3d.a(texenv.o)
                0x0011e6fc                C3Di_TexEnvBind
 .text.C3D_TexInitWithParams
                0x0011e720      0x290 /opt/devkitpro/libctru/lib/libcitro3d.a(texture.o)
                0x0011e720                C3D_TexInitWithParams
 .text.C3D_TexLoadImage
                0x0011e9b0       0xc8 /opt/devkitpro/libctru/lib/libcitro3d.a(texture.o)
                0x0011e9b0                C3D_TexLoadImage
 .text.C3D_TexBind
                0x0011ea78       0x44 /opt/devkitpro/libctru/lib/libcitro3d.a(texture.o)
                0x0011ea78                C3D_TexBind
 .text.C3D_TexDelete
                0x0011eabc       0x74 /opt/devkitpro/libctru/lib/libcitro3d.a(texture.o)
                0x0011eabc                C3D_TexDelete
 .text.C3Di_SetTex
                0x0011eb30      0x14c /opt/devkitpro/libctru/lib/libcitro3d.a(texture.o)
                0x0011eb30                C3Di_SetTex
 .text.C3D_UpdateUniforms
                0x0011ec7c      0x290 /opt/devkitpro/libctru/lib/libcitro3d.a(uniforms.o)
                0x0011ec7c                C3D_UpdateUniforms
 .text.C3Di_DirtyUniforms
                0x0011ef0c       0xc0 /opt/devkitpro/libctru/lib/libcitro3d.a(uniforms.o)
                0x0011ef0c                C3Di_DirtyUniforms
 .text.C3Di_LoadShaderUniforms
                0x0011efcc       0xd8 /opt/devkitpro/libctru/lib/libcitro3d.a(uniforms.o)
                0x0011efcc                C3Di_LoadShaderUniforms
 .text.C3Di_ClearShaderUniforms
                0x0011f0a4       0x28 /opt/devkitpro/libctru/lib/libcitro3d.a(uniforms.o)
                0x0011f0a4                C3Di_ClearShaderUniforms
 .text.Mtx_Ortho
                0x0011f0cc       0xcc /opt/devkitpro/libctru/lib/libcitro3d.a(mtx_ortho.o)
                0x0011f0cc                Mtx_Ortho
 .text.Mtx_OrthoTilt
                0x0011f198       0xcc /opt/devkitpro/libctru/lib/libcitro3d.a(mtx_orthotilt.o)
                0x0011f198                Mtx_OrthoTilt
 .text._ZL21addrMapNodeComparatorPK11rbtree_nodeS1_
                0x0011f264       0x24 /opt/devkitpro/libctru/lib/libctru.a(linear.o)
 .text._ZL21addrMapNodeDestructorP11rbtree_node
                0x0011f288        0x4 /opt/devkitpro/libctru/lib/libctru.a(linear.o)
 .text.linearMemAlign
                0x0011f28c      0x12c /opt/devkitpro/libctru/lib/libctru.a(linear.o)
                0x0011f28c                linearMemAlign
 .text.linearAlloc
                0x0011f3b8        0x8 /opt/devkitpro/libctru/lib/libctru.a(linear.o)
                0x0011f3b8                linearAlloc
 .text.linearFree
                0x0011f3c0       0x5c /opt/devkitpro/libctru/lib/libctru.a(linear.o)
                0x0011f3c0                linearFree
 .text._ZN7MemPool13CoalesceRightEP8MemBlock
                0x0011f41c       0x88 /opt/devkitpro/libctru/lib/libctru.a(mem_pool.o)
                0x0011f41c                _ZN7MemPool13CoalesceRightEP8MemBlock
 .text._ZN7MemPool8AllocateER8MemChunkmi
                0x0011f4a4      0x178 /opt/devkitpro/libctru/lib/libctru.a(mem_pool.o)
                0x0011f4a4                _ZN7MemPool8AllocateER8MemChunkmi
 .text._ZN7MemPool10DeallocateERK8MemChunk
                0x0011f61c      0x118 /opt/devkitpro/libctru/lib/libctru.a(mem_pool.o)
                0x0011f61c                _ZN7MemPool10DeallocateERK8MemChunk
 .text._ZN7MemPool12GetFreeSpaceEv
                0x0011f734       0x30 /opt/devkitpro/libctru/lib/libctru.a(mem_pool.o)
                0x0011f734                _ZN7MemPool12GetFreeSpaceEv
 .text._ZL21addrMapNodeComparatorPK11rbtree_nodeS1_
                0x0011f764       0x24 /opt/devkitpro/libctru/lib/libctru.a(vram.o)
 .text._ZL21addrMapNodeDestructorP11rbtree_node
                0x0011f788        0x4 /opt/devkitpro/libctru/lib/libctru.a(vram.o)
 .text.vramMemAlignAt
                0x0011f78c      0x248 /opt/devkitpro/libctru/lib/libctru.a(vram.o)
                0x0011f78c                vramMemAlignAt
 .text.vramAlloc
                0x0011f9d4        0xc /opt/devkitpro/libctru/lib/libctru.a(vram.o)
                0x0011f9d4                vramAlloc
 .text.vramAllocAt
                0x0011f9e0        0xc /opt/devkitpro/libctru/lib/libctru.a(vram.o)
                0x0011f9e0                vramAllocAt
 .text.vramFree
                0x0011f9ec       0x94 /opt/devkitpro/libctru/lib/libctru.a(vram.o)
                0x0011f9ec                vramFree
 .text.fontEnsureMapped
                0x0011fa80       0x9c /opt/devkitpro/libctru/lib/libctru.a(font.o)
                0x0011fa80                fontEnsureMapped
 .text.fontGlyphIndexFromCodePoint
                0x0011fb1c      0x100 /opt/devkitpro/libctru/lib/libctru.a(font.o)
                0x0011fb1c                fontGlyphIndexFromCodePoint
 .text.fontCalcGlyphPos
                0x0011fc1c      0x214 /opt/devkitpro/libctru/lib/libctru.a(font.o)
                0x0011fc1c                fontCalcGlyphPos
 .text.gfxPresentFramebuffer
                0x0011fe30       0xcc /opt/devkitpro/libctru/lib/libctru.a(gfx.o)
 .text.gfxIsWide
                0x0011fefc       0x1c /opt/devkitpro/libctru/lib/libctru.a(gfx.o)
                0x0011fefc                gfxIsWide
 .text.gfxSetScreenFormat
                0x0011ff18       0xf8 /opt/devkitpro/libctru/lib/libctru.a(gfx.o)
                0x0011ff18                gfxSetScreenFormat
 .text.gfxInit  0x00120010       0xd8 /opt/devkitpro/libctru/lib/libctru.a(gfx.o)
                0x00120010                gfxInit
 .text.gfxInitDefault
                0x001200e8       0x10 /opt/devkitpro/libctru/lib/libctru.a(gfx.o)
                0x001200e8                gfxInitDefault
 .text.gfxExit  0x001200f8       0xb8 /opt/devkitpro/libctru/lib/libctru.a(gfx.o)
                0x001200f8                gfxExit
 .text.gfxGetFramebuffer
                0x001201b0       0xa0 /opt/devkitpro/libctru/lib/libctru.a(gfx.o)
                0x001201b0                gfxGetFramebuffer
 .text.gfxScreenSwapBuffers
                0x00120250       0x28 /opt/devkitpro/libctru/lib/libctru.a(gfx.o)
                0x00120250                gfxScreenSwapBuffers
 .text.osConvertVirtToPhys
                0x00120278       0x74 /opt/devkitpro/libctru/lib/libctru.a(os.o)
                0x00120278                osConvertVirtToPhys
 .text.osGetTimeRef
                0x001202ec       0x54 /opt/devkitpro/libctru/lib/libctru.a(os.o)
                0x001202ec                osGetTimeRef
 .text.osGetTime
                0x00120340       0xec /opt/devkitpro/libctru/lib/libctru.a(os.o)
                0x00120340                osGetTime
 .text.__ctru_speedup_config
                0x0012042c       0x34 /opt/devkitpro/libctru/lib/libctru.a(os.o)
                0x0012042c                __ctru_speedup_config
 .text.romfs_close
                0x00120460        0x8 /opt/devkitpro/libctru/lib/libctru.a(romfs_dev.o)
 .text.romfs_seek
                0x00120468       0xac /opt/devkitpro/libctru/lib/libctru.a(romfs_dev.o)
 .text.romfs_dirreset
                0x00120514       0x24 /opt/devkitpro/libctru/lib/libctru.a(romfs_dev.o)
 .text.fill_dir
                0x00120538       0xc0 /opt/devkitpro/libctru/lib/libctru.a(romfs_dev.o)
 .text.romfs_dirnext
                0x001205f8      0x2ac /opt/devkitpro/libctru/lib/libctru.a(romfs_dev.o)
 .text.romfs_free
                0x001208a4       0x74 /opt/devkitpro/libctru/lib/libctru.a(romfs_dev.o)
 .text.searchForFile.constprop.0
                0x00120918       0xd0 /opt/devkitpro/libctru/lib/libctru.a(romfs_dev.o)
 .text.searchForDir.constprop.0
                0x001209e8       0xd4 /opt/devkitpro/libctru/lib/libctru.a(romfs_dev.o)
 .text.navigateToDir.constprop.0
                0x00120abc      0x1c0 /opt/devkitpro/libctru/lib/libctru.a(romfs_dev.o)
 .text.romfs_open
                0x00120c7c      0x114 /opt/devkitpro/libctru/lib/libctru.a(romfs_dev.o)
 .text.romfs_chdir
                0x00120d90       0x4c /opt/devkitpro/libctru/lib/libctru.a(romfs_dev.o)
 .text.romfs_diropen
                0x00120ddc       0x68 /opt/devkitpro/libctru/lib/libctru.a(romfs_dev.o)
 .text.romfs_stat
                0x00120e44      0x178 /opt/devkitpro/libctru/lib/libctru.a(romfs_dev.o)
 .text.romfs_dirclose
                0x00120fbc        0x8 /opt/devkitpro/libctru/lib/libctru.a(romfs_dev.o)
 *fill*         0x00120fc4        0x4 
 .text.romfs_fstat
                0x00120fc8       0x7c /opt/devkitpro/libctru/lib/libctru.a(romfs_dev.o)
 .text.romfs_read
                0x00121044       0xd0 /opt/devkitpro/libctru/lib/libctru.a(romfs_dev.o)
 .text.romfsMountFromFile
                0x00121114      0x294 /opt/devkitpro/libctru/lib/libctru.a(romfs_dev.o)
                0x00121114                romfsMountFromFile
 .text.romfsMountFromCurrentProcess
                0x001213a8       0x98 /opt/devkitpro/libctru/lib/libctru.a(romfs_dev.o)
                0x001213a8                romfsMountFromCurrentProcess
 .text.romfsMountSelf
                0x00121440      0x258 /opt/devkitpro/libctru/lib/libctru.a(romfs_dev.o)
                0x00121440                romfsMountSelf
 .text.romfsUnmount
                0x00121698       0xa0 /opt/devkitpro/libctru/lib/libctru.a(romfs_dev.o)
                0x00121698                romfsUnmount
 .text.GPUCMD_Add
                0x00121738      0x13c /opt/devkitpro/libctru/lib/libctru.a(gpu.o)
                0x00121738                GPUCMD_Add
 .text.GPUCMD_Split
                0x00121874       0xb0 /opt/devkitpro/libctru/lib/libctru.a(gpu.o)
                0x00121874                GPUCMD_Split
 .text.f32tof16
                0x00121924       0x34 /opt/devkitpro/libctru/lib/libctru.a(gpu.o)
                0x00121924                f32tof16
 .text.f32tof24
                0x00121958       0x34 /opt/devkitpro/libctru/lib/libctru.a(gpu.o)
                0x00121958                f32tof24
 .text.f32tof31
                0x0012198c       0x38 /opt/devkitpro/libctru/lib/libctru.a(gpu.o)
                0x0012198c                f32tof31
 .text.GX_BindQueue
                0x001219c4       0x10 /opt/devkitpro/libctru/lib/libctru.a(gx.o)
                0x001219c4                GX_BindQueue
 .text.GX_ProcessCommandList
                0x001219d4       0x7c /opt/devkitpro/libctru/lib/libctru.a(gx.o)
                0x001219d4                GX_ProcessCommandList
 .text.GX_MemoryFill
                0x00121a50       0x74 /opt/devkitpro/libctru/lib/libctru.a(gx.o)
                0x00121a50                GX_MemoryFill
 .text.GX_DisplayTransfer
                0x00121ac4       0x74 /opt/devkitpro/libctru/lib/libctru.a(gx.o)
                0x00121ac4                GX_DisplayTransfer
 .text.GX_TextureCopy
                0x00121b38       0x78 /opt/devkitpro/libctru/lib/libctru.a(gx.o)
                0x00121b38                GX_TextureCopy
 .text.gxCmdQueueDoCommands.part.0
                0x00121bb0       0x64 /opt/devkitpro/libctru/lib/libctru.a(gxqueue.o)
 .text.gxCmdQueueInterrupt
                0x00121c14       0xe4 /opt/devkitpro/libctru/lib/libctru.a(gxqueue.o)
                0x00121c14                gxCmdQueueInterrupt
 .text.gxCmdQueueClear
                0x00121cf8       0x68 /opt/devkitpro/libctru/lib/libctru.a(gxqueue.o)
                0x00121cf8                gxCmdQueueClear
 .text.gxCmdQueueAdd
                0x00121d60      0x108 /opt/devkitpro/libctru/lib/libctru.a(gxqueue.o)
                0x00121d60                gxCmdQueueAdd
 .text.gxCmdQueueRun
                0x00121e68       0x80 /opt/devkitpro/libctru/lib/libctru.a(gxqueue.o)
                0x00121e68                gxCmdQueueRun
 .text.gxCmdQueueStop
                0x00121ee8       0x64 /opt/devkitpro/libctru/lib/libctru.a(gxqueue.o)
                0x00121ee8                gxCmdQueueStop
 .text.gxCmdQueueWait
                0x00121f4c       0xac /opt/devkitpro/libctru/lib/libctru.a(gxqueue.o)
                0x00121f4c                gxCmdQueueWait
 .text.shaderInstanceInit
                0x00121ff8      0x1e0 /opt/devkitpro/libctru/lib/libctru.a(shaderProgram.o)
                0x00121ff8                shaderInstanceInit
 .text.shaderInstanceGetUniformLocation
                0x001221d8       0x18 /opt/devkitpro/libctru/lib/libctru.a(shaderProgram.o)
                0x001221d8                shaderInstanceGetUniformLocation
 .text.shaderProgramInit
                0x001221f0       0x1c /opt/devkitpro/libctru/lib/libctru.a(shaderProgram.o)
                0x001221f0                shaderProgramInit
 .text.shaderProgramFree
                0x0012220c       0x74 /opt/devkitpro/libctru/lib/libctru.a(shaderProgram.o)
                0x0012220c                shaderProgramFree
 .text.shaderProgramSetVsh
                0x00122280       0x94 /opt/devkitpro/libctru/lib/libctru.a(shaderProgram.o)
                0x00122280                shaderProgramSetVsh
 .text.shaderProgramConfigure
                0x00122314      0x8d0 /opt/devkitpro/libctru/lib/libctru.a(shaderProgram.o)
                0x00122314                shaderProgramConfigure
 .text.DVLE_GenerateOutmap.part.0
                0x00122be4      0x1dc /opt/devkitpro/libctru/lib/libctru.a(shbin.o)
 .text.DVLB_ParseFile
                0x00122dc0      0x1ac /opt/devkitpro/libctru/lib/libctru.a(shbin.o)
                0x00122dc0                DVLB_ParseFile
 .text.DVLB_Free
                0x00122f6c       0x50 /opt/devkitpro/libctru/lib/libctru.a(shbin.o)
                0x00122f6c                DVLB_Free
 .text.DVLE_GetUniformRegister
                0x00122fbc       0x74 /opt/devkitpro/libctru/lib/libctru.a(shbin.o)
                0x00122fbc                DVLE_GetUniformRegister
 .text.ndspUpdateMaster
                0x00123030      0x158 /opt/devkitpro/libctru/lib/libctru.a(ndsp.o)
 .text.ndspFinalize
                0x00123188      0x108 /opt/devkitpro/libctru/lib/libctru.a(ndsp.o)
 .text.ndspInitialize.part.0
                0x00123290      0x25c /opt/devkitpro/libctru/lib/libctru.a(ndsp.o)
 .text.ndspHookCallback
                0x001234ec      0x108 /opt/devkitpro/libctru/lib/libctru.a(ndsp.o)
 *fill*         0x001235f4        0x4 
 .text.ndspThreadMain
                0x001235f8      0x318 /opt/devkitpro/libctru/lib/libctru.a(ndsp.o)
 .text.ndspInit
                0x00123910      0x3f0 /opt/devkitpro/libctru/lib/libctru.a(ndsp.o)
                0x00123910                ndspInit
 .text.ndspExit
                0x00123d00       0xd8 /opt/devkitpro/libctru/lib/libctru.a(ndsp.o)
                0x00123d00                ndspExit
 .text.ndspChnReset
                0x00123dd8       0xe0 /opt/devkitpro/libctru/lib/libctru.a(ndsp-channel.o)
                0x00123dd8                ndspChnReset
 .text.ndspChnSetFormat
                0x00123eb8       0x18 /opt/devkitpro/libctru/lib/libctru.a(ndsp-channel.o)
                0x00123eb8                ndspChnSetFormat
 .text.ndspChnSetInterp
                0x00123ed0       0x50 /opt/devkitpro/libctru/lib/libctru.a(ndsp-channel.o)
                0x00123ed0                ndspChnSetInterp
 .text.ndspChnSetRate
                0x00123f20       0x60 /opt/devkitpro/libctru/lib/libctru.a(ndsp-channel.o)
                0x00123f20                ndspChnSetRate
 .text.ndspChnSetMix
                0x00123f80       0x80 /opt/devkitpro/libctru/lib/libctru.a(ndsp-channel.o)
                0x00123f80                ndspChnSetMix
 .text.ndspChnWaveBufClear
                0x00124000       0xb0 /opt/devkitpro/libctru/lib/libctru.a(ndsp-channel.o)
                0x00124000                ndspChnWaveBufClear
 .text.ndspChnWaveBufAdd
                0x001240b0       0xc8 /opt/devkitpro/libctru/lib/libctru.a(ndsp-channel.o)
                0x001240b0                ndspChnWaveBufAdd
 .text.ndspiInitChn
                0x00124178       0x40 /opt/devkitpro/libctru/lib/libctru.a(ndsp-channel.o)
                0x00124178                ndspiInitChn
 .text.ndspiDirtyChn
                0x001241b8       0x2c /opt/devkitpro/libctru/lib/libctru.a(ndsp-channel.o)
                0x001241b8                ndspiDirtyChn
 .text.ndspiUpdateChn
                0x001241e4      0x43c /opt/devkitpro/libctru/lib/libctru.a(ndsp-channel.o)
                0x001241e4                ndspiUpdateChn
 .text.ndspiReadChnState
                0x00124620      0x180 /opt/devkitpro/libctru/lib/libctru.a(ndsp-channel.o)
                0x00124620                ndspiReadChnState
 .text.acInit   0x001247a0       0x90 /opt/devkitpro/libctru/lib/libctru.a(ac.o)
                0x001247a0                acInit
 .text.acExit   0x00124830       0x3c /opt/devkitpro/libctru/lib/libctru.a(ac.o)
                0x00124830                acExit
 .text.ACU_GetWifiStatus
                0x0012486c       0x38 /opt/devkitpro/libctru/lib/libctru.a(ac.o)
                0x0012486c                ACU_GetWifiStatus
 .text.aptConvertScreenForCapture
                0x001248a4      0x180 /opt/devkitpro/libctru/lib/libctru.a(apt.o)
 .text.aptSendCommand
                0x00124a24      0x138 /opt/devkitpro/libctru/lib/libctru.a(apt.o)
                0x00124a24                aptSendCommand
 *fill*         0x00124b5c        0x4 
 .text.aptExitProcess
                0x00124b60       0x44 /opt/devkitpro/libctru/lib/libctru.a(apt.o)
 .text.aptShouldJumpToHome
                0x00124ba4       0x38 /opt/devkitpro/libctru/lib/libctru.a(apt.o)
                0x00124ba4                aptShouldJumpToHome
 .text.aptExit  0x00124bdc      0x394 /opt/devkitpro/libctru/lib/libctru.a(apt.o)
                0x00124bdc                aptExit
 .text.aptHandleSleep
                0x00124f70       0xd8 /opt/devkitpro/libctru/lib/libctru.a(apt.o)
                0x00124f70                aptHandleSleep
 .text.aptHook  0x00125048       0x34 /opt/devkitpro/libctru/lib/libctru.a(apt.o)
                0x00125048                aptHook
 .text.aptUnhook
                0x0012507c       0x30 /opt/devkitpro/libctru/lib/libctru.a(apt.o)
                0x0012507c                aptUnhook
 .text.aptSetMessageCallback
                0x001250ac       0x1c /opt/devkitpro/libctru/lib/libctru.a(apt.o)
                0x001250ac                aptSetMessageCallback
 .text.APT_SleepIfShellClosed
                0x001250c8       0x84 /opt/devkitpro/libctru/lib/libctru.a(apt.o)
                0x001250c8                APT_SleepIfShellClosed
 .text.aptSetSleepAllowed
                0x0012514c       0x78 /opt/devkitpro/libctru/lib/libctru.a(apt.o)
                0x0012514c                aptSetSleepAllowed
 .text.APT_UnlockTransition
                0x001251c4       0x84 /opt/devkitpro/libctru/lib/libctru.a(apt.o)
                0x001251c4                APT_UnlockTransition
 .text.aptEventHandler
                0x00125248      0x470 /opt/devkitpro/libctru/lib/libctru.a(apt.o)
 .text.APT_ReceiveParameter
                0x001256b8       0xbc /opt/devkitpro/libctru/lib/libctru.a(apt.o)
                0x001256b8                APT_ReceiveParameter
 .text.aptReceiveParameter.constprop.0
                0x00125774       0xb0 /opt/devkitpro/libctru/lib/libctru.a(apt.o)
 *fill*         0x00125824        0x4 
 .text.aptScreenTransfer
                0x00125828      0x294 /opt/devkitpro/libctru/lib/libctru.a(apt.o)
 .text.aptWaitForWakeUp.isra.0
                0x00125abc      0x2d0 /opt/devkitpro/libctru/lib/libctru.a(apt.o)
 .text.aptLaunchLibraryApplet
                0x00125d8c      0x114 /opt/devkitpro/libctru/lib/libctru.a(apt.o)
                0x00125d8c                aptLaunchLibraryApplet
 .text.aptJumpToHomeMenu
                0x00125ea0       0xf4 /opt/devkitpro/libctru/lib/libctru.a(apt.o)
                0x00125ea0                aptJumpToHomeMenu
 .text.aptMainLoop
                0x00125f94       0x58 /opt/devkitpro/libctru/lib/libctru.a(apt.o)
                0x00125f94                aptMainLoop
 .text.aptInit  0x00125fec      0x240 /opt/devkitpro/libctru/lib/libctru.a(apt.o)
                0x00125fec                aptInit
 .text.APT_SendParameter
                0x0012622c       0x5c /opt/devkitpro/libctru/lib/libctru.a(apt.o)
                0x0012622c                APT_SendParameter
 .text.APT_CheckNew3DS
                0x00126288       0x90 /opt/devkitpro/libctru/lib/libctru.a(apt.o)
                0x00126288                APT_CheckNew3DS
 .text.APT_GetSharedFont
                0x00126318       0x48 /opt/devkitpro/libctru/lib/libctru.a(apt.o)
                0x00126318                APT_GetSharedFont
 .text.cfguInit
                0x00126360       0xa8 /opt/devkitpro/libctru/lib/libctru.a(cfgu.o)
                0x00126360                cfguInit
 .text.cfguExit
                0x00126408       0x3c /opt/devkitpro/libctru/lib/libctru.a(cfgu.o)
                0x00126408                cfguExit
 .text.CFGU_GetConfigInfoBlk2
                0x00126444       0x4c /opt/devkitpro/libctru/lib/libctru.a(cfgu.o)
                0x00126444                CFGU_GetConfigInfoBlk2
 .text.DSP_LoadComponent.part.0
                0x00126490       0xa4 /opt/devkitpro/libctru/lib/libctru.a(dsp.o)
 .text.dspInit  0x00126534       0xfc /opt/devkitpro/libctru/lib/libctru.a(dsp.o)
                0x00126534                dspInit
 .text.dspExit  0x00126630       0x8c /opt/devkitpro/libctru/lib/libctru.a(dsp.o)
                0x00126630                dspExit
 .text.dspHook  0x001266bc       0x24 /opt/devkitpro/libctru/lib/libctru.a(dsp.o)
                0x001266bc                dspHook
 .text.dspUnhook
                0x001266e0       0x30 /opt/devkitpro/libctru/lib/libctru.a(dsp.o)
                0x001266e0                dspUnhook
 .text.aptDspSleep
                0x00126710       0xb4 /opt/devkitpro/libctru/lib/libctru.a(dsp.o)
                0x00126710                aptDspSleep
 .text.aptDspWakeup
                0x001267c4       0xb4 /opt/devkitpro/libctru/lib/libctru.a(dsp.o)
                0x001267c4                aptDspWakeup
 .text.aptDspCancel
                0x00126878       0x44 /opt/devkitpro/libctru/lib/libctru.a(dsp.o)
                0x00126878                aptDspCancel
 .text.DSP_FlushDataCache
                0x001268bc       0x50 /opt/devkitpro/libctru/lib/libctru.a(dsp.o)
                0x001268bc                DSP_FlushDataCache
 .text.DSP_SetSemaphore
                0x0012690c       0x34 /opt/devkitpro/libctru/lib/libctru.a(dsp.o)
                0x0012690c                DSP_SetSemaphore
 .text.DSP_SetSemaphoreMask
                0x00126940       0x34 /opt/devkitpro/libctru/lib/libctru.a(dsp.o)
                0x00126940                DSP_SetSemaphoreMask
 .text.DSP_GetSemaphoreHandle
                0x00126974       0x38 /opt/devkitpro/libctru/lib/libctru.a(dsp.o)
                0x00126974                DSP_GetSemaphoreHandle
 .text.DSP_LoadComponent
                0x001269ac       0x3c /opt/devkitpro/libctru/lib/libctru.a(dsp.o)
                0x001269ac                DSP_LoadComponent
 .text.DSP_RegisterInterruptEvents
                0x001269e8       0x44 /opt/devkitpro/libctru/lib/libctru.a(dsp.o)
                0x001269e8                DSP_RegisterInterruptEvents
 .text.DSP_ReadPipeIfPossible
                0x00126a2c       0x78 /opt/devkitpro/libctru/lib/libctru.a(dsp.o)
                0x00126a2c                DSP_ReadPipeIfPossible
 .text.DSP_WriteProcessPipe
                0x00126aa4       0x4c /opt/devkitpro/libctru/lib/libctru.a(dsp.o)
                0x00126aa4                DSP_WriteProcessPipe
 .text.DSP_ConvertProcessAddressFromDspDram
                0x00126af0       0x44 /opt/devkitpro/libctru/lib/libctru.a(dsp.o)
                0x00126af0                DSP_ConvertProcessAddressFromDspDram
 .text.DSP_RecvData
                0x00126b34       0x44 /opt/devkitpro/libctru/lib/libctru.a(dsp.o)
                0x00126b34                DSP_RecvData
 .text.DSP_RecvDataIsReady
                0x00126b78       0x50 /opt/devkitpro/libctru/lib/libctru.a(dsp.o)
                0x00126b78                DSP_RecvDataIsReady
 .text.fsInit   0x00126bc8      0x104 /opt/devkitpro/libctru/lib/libctru.a(fs.o)
                0x00126bc8                fsInit
 .text.fsExit   0x00126ccc       0x3c /opt/devkitpro/libctru/lib/libctru.a(fs.o)
                0x00126ccc                fsExit
 .text.fsExemptFromSession
                0x00126d08       0x68 /opt/devkitpro/libctru/lib/libctru.a(fs.o)
                0x00126d08                fsExemptFromSession
 .text.fsUnexemptFromSession
                0x00126d70       0x50 /opt/devkitpro/libctru/lib/libctru.a(fs.o)
                0x00126d70                fsUnexemptFromSession
 .text.FSUSER_OpenFile
                0x00126dc0       0xcc /opt/devkitpro/libctru/lib/libctru.a(fs.o)
                0x00126dc0                FSUSER_OpenFile
 .text.FSUSER_OpenFileDirectly
                0x00126e8c       0xcc /opt/devkitpro/libctru/lib/libctru.a(fs.o)
                0x00126e8c                FSUSER_OpenFileDirectly
 .text.FSUSER_DeleteFile
                0x00126f58       0xb8 /opt/devkitpro/libctru/lib/libctru.a(fs.o)
                0x00126f58                FSUSER_DeleteFile
 .text.FSUSER_RenameFile
                0x00127010       0xf4 /opt/devkitpro/libctru/lib/libctru.a(fs.o)
                0x00127010                FSUSER_RenameFile
 .text.FSUSER_DeleteDirectory
                0x00127104       0xb8 /opt/devkitpro/libctru/lib/libctru.a(fs.o)
                0x00127104                FSUSER_DeleteDirectory
 .text.FSUSER_CreateFile
                0x001271bc       0xd0 /opt/devkitpro/libctru/lib/libctru.a(fs.o)
                0x001271bc                FSUSER_CreateFile
 .text.FSUSER_CreateDirectory
                0x0012728c       0xc0 /opt/devkitpro/libctru/lib/libctru.a(fs.o)
                0x0012728c                FSUSER_CreateDirectory
 .text.FSUSER_RenameDirectory
                0x0012734c       0xf4 /opt/devkitpro/libctru/lib/libctru.a(fs.o)
                0x0012734c                FSUSER_RenameDirectory
 .text.FSUSER_OpenDirectory
                0x00127440       0xb4 /opt/devkitpro/libctru/lib/libctru.a(fs.o)
                0x00127440                FSUSER_OpenDirectory
 .text.FSUSER_OpenArchive
                0x001274f4       0x90 /opt/devkitpro/libctru/lib/libctru.a(fs.o)
                0x001274f4                FSUSER_OpenArchive
 .text.FSUSER_CloseArchive
                0x00127584       0x8c /opt/devkitpro/libctru/lib/libctru.a(fs.o)
                0x00127584                FSUSER_CloseArchive
 .text.FSUSER_GetSdmcArchiveResource
                0x00127610       0x74 /opt/devkitpro/libctru/lib/libctru.a(fs.o)
                0x00127610                FSUSER_GetSdmcArchiveResource
 .text.FSUSER_IsSdmcWritable
                0x00127684       0x64 /opt/devkitpro/libctru/lib/libctru.a(fs.o)
                0x00127684                FSUSER_IsSdmcWritable
 .text.FSFILE_Read
                0x001276e8       0x64 /opt/devkitpro/libctru/lib/libctru.a(fs.o)
                0x001276e8                FSFILE_Read
 .text.FSFILE_Write
                0x0012774c       0x6c /opt/devkitpro/libctru/lib/libctru.a(fs.o)
                0x0012774c                FSFILE_Write
 .text.FSFILE_GetSize
                0x001277b8       0x44 /opt/devkitpro/libctru/lib/libctru.a(fs.o)
                0x001277b8                FSFILE_GetSize
 .text.FSFILE_SetSize
                0x001277fc       0x28 /opt/devkitpro/libctru/lib/libctru.a(fs.o)
                0x001277fc                FSFILE_SetSize
 .text.FSFILE_Close
                0x00127824       0x3c /opt/devkitpro/libctru/lib/libctru.a(fs.o)
                0x00127824                FSFILE_Close
 .text.FSFILE_Flush
                0x00127860       0x24 /opt/devkitpro/libctru/lib/libctru.a(fs.o)
                0x00127860                FSFILE_Flush
 .text.FSDIR_Read
                0x00127884       0x60 /opt/devkitpro/libctru/lib/libctru.a(fs.o)
                0x00127884                FSDIR_Read
 .text.FSDIR_Close
                0x001278e4       0x3c /opt/devkitpro/libctru/lib/libctru.a(fs.o)
                0x001278e4                FSDIR_Close
 .text.gspHardwareInit
                0x00127920      0xc70 /opt/devkitpro/libctru/lib/libctru.a(gspgpu.o)
 .text.gspInit  0x00128590      0x288 /opt/devkitpro/libctru/lib/libctru.a(gspgpu.o)
                0x00128590                gspInit
 .text.gspExit  0x00128818      0x104 /opt/devkitpro/libctru/lib/libctru.a(gspgpu.o)
                0x00128818                gspExit
 .text.gspHasGpuRight
                0x0012891c       0x10 /opt/devkitpro/libctru/lib/libctru.a(gspgpu.o)
                0x0012891c                gspHasGpuRight
 .text.gspPresentBuffer
                0x0012892c       0xa4 /opt/devkitpro/libctru/lib/libctru.a(gspgpu.o)
                0x0012892c                gspPresentBuffer
 .text.gspSetEventCallback
                0x001289d0       0x30 /opt/devkitpro/libctru/lib/libctru.a(gspgpu.o)
                0x001289d0                gspSetEventCallback
 .text.gspWaitForEvent
                0x00128a00       0x50 /opt/devkitpro/libctru/lib/libctru.a(gspgpu.o)
                0x00128a00                gspWaitForEvent
 .text.gspWaitForAnyEvent
                0x00128a50       0x4c /opt/devkitpro/libctru/lib/libctru.a(gspgpu.o)
                0x00128a50                gspWaitForAnyEvent
 .text.gspEventThreadMain
                0x00128a9c      0x154 /opt/devkitpro/libctru/lib/libctru.a(gspgpu.o)
 .text.gspSubmitGxCommand
                0x00128bf0      0x12c /opt/devkitpro/libctru/lib/libctru.a(gspgpu.o)
                0x00128bf0                gspSubmitGxCommand
 .text.GSPGPU_FlushDataCache
                0x00128d1c       0x50 /opt/devkitpro/libctru/lib/libctru.a(gspgpu.o)
                0x00128d1c                GSPGPU_FlushDataCache
 .text.GSPGPU_SetLcdForceBlack
                0x00128d6c       0x34 /opt/devkitpro/libctru/lib/libctru.a(gspgpu.o)
                0x00128d6c                GSPGPU_SetLcdForceBlack
 .text.GSPGPU_AcquireRight
                0x00128da0       0x84 /opt/devkitpro/libctru/lib/libctru.a(gspgpu.o)
                0x00128da0                GSPGPU_AcquireRight
 .text.GSPGPU_ReleaseRight
                0x00128e24       0x64 /opt/devkitpro/libctru/lib/libctru.a(gspgpu.o)
                0x00128e24                GSPGPU_ReleaseRight
 .text.GSPGPU_ImportDisplayCaptureInfo
                0x00128e88       0x7c /opt/devkitpro/libctru/lib/libctru.a(gspgpu.o)
                0x00128e88                GSPGPU_ImportDisplayCaptureInfo
 .text.GSPGPU_SaveVramSysArea
                0x00128f04       0x2c /opt/devkitpro/libctru/lib/libctru.a(gspgpu.o)
                0x00128f04                GSPGPU_SaveVramSysArea
 .text.GSPGPU_RestoreVramSysArea
                0x00128f30       0x2c /opt/devkitpro/libctru/lib/libctru.a(gspgpu.o)
                0x00128f30                GSPGPU_RestoreVramSysArea
 .text.hidShouldUseIrrst
                0x00128f5c       0x24 /opt/devkitpro/libctru/lib/libctru.a(hid.o)
                0x00128f5c                hidShouldUseIrrst
 .text.hidInit  0x00128f80      0x1cc /opt/devkitpro/libctru/lib/libctru.a(hid.o)
                0x00128f80                hidInit
 .text.hidExit  0x0012914c       0xe8 /opt/devkitpro/libctru/lib/libctru.a(hid.o)
                0x0012914c                hidExit
 .text.hidScanInput
                0x00129234      0x2a0 /opt/devkitpro/libctru/lib/libctru.a(hid.o)
                0x00129234                hidScanInput
 .text.hidKeysHeld
                0x001294d4       0x10 /opt/devkitpro/libctru/lib/libctru.a(hid.o)
                0x001294d4                hidKeysHeld
 .text.hidKeysDown
                0x001294e4       0x10 /opt/devkitpro/libctru/lib/libctru.a(hid.o)
                0x001294e4                hidKeysDown
 .text.hidTouchRead
                0x001294f4       0x18 /opt/devkitpro/libctru/lib/libctru.a(hid.o)
                0x001294f4                hidTouchRead
 .text.hidCircleRead
                0x0012950c       0x18 /opt/devkitpro/libctru/lib/libctru.a(hid.o)
                0x0012950c                hidCircleRead
 .text.httpcInit
                0x00129524      0x200 /opt/devkitpro/libctru/lib/libctru.a(httpc.o)
                0x00129524                httpcInit
 .text.httpcExit
                0x00129724       0xbc /opt/devkitpro/libctru/lib/libctru.a(httpc.o)
                0x00129724                httpcExit
 .text.httpcOpenContext
                0x001297e0      0x170 /opt/devkitpro/libctru/lib/libctru.a(httpc.o)
                0x001297e0                httpcOpenContext
 .text.httpcCloseContext
                0x00129950       0x40 /opt/devkitpro/libctru/lib/libctru.a(httpc.o)
                0x00129950                httpcCloseContext
 .text.httpcDownloadData
                0x00129990      0x134 /opt/devkitpro/libctru/lib/libctru.a(httpc.o)
                0x00129990                httpcDownloadData
 .text.httpcAddRequestHeaderField
                0x00129ac4       0x8c /opt/devkitpro/libctru/lib/libctru.a(httpc.o)
                0x00129ac4                httpcAddRequestHeaderField
 .text.httpcBeginRequest
                0x00129b50       0x30 /opt/devkitpro/libctru/lib/libctru.a(httpc.o)
                0x00129b50                httpcBeginRequest
 .text.httpcGetResponseStatusCode
                0x00129b80       0x3c /opt/devkitpro/libctru/lib/libctru.a(httpc.o)
                0x00129b80                httpcGetResponseStatusCode
 .text.httpcSetKeepAlive
                0x00129bbc       0x34 /opt/devkitpro/libctru/lib/libctru.a(httpc.o)
                0x00129bbc                httpcSetKeepAlive
 .text.irrstInit
                0x00129bf0      0x1a4 /opt/devkitpro/libctru/lib/libctru.a(irrst.o)
                0x00129bf0                irrstInit
 .text.irrstExit
                0x00129d94       0xdc /opt/devkitpro/libctru/lib/libctru.a(irrst.o)
                0x00129d94                irrstExit
 .text.irrstScanInput
                0x00129e70       0xb4 /opt/devkitpro/libctru/lib/libctru.a(irrst.o)
                0x00129e70                irrstScanInput
 .text.irrstKeysHeld
                0x00129f24       0x24 /opt/devkitpro/libctru/lib/libctru.a(irrst.o)
                0x00129f24                irrstKeysHeld
 .text.mcuHwcInit
                0x00129f48       0x78 /opt/devkitpro/libctru/lib/libctru.a(mcuhwc.o)
                0x00129f48                mcuHwcInit
 .text.mcuHwcExit
                0x00129fc0       0x3c /opt/devkitpro/libctru/lib/libctru.a(mcuhwc.o)
                0x00129fc0                mcuHwcExit
 .text.MCUHWC_GetBatteryLevel
                0x00129ffc       0x38 /opt/devkitpro/libctru/lib/libctru.a(mcuhwc.o)
                0x00129ffc                MCUHWC_GetBatteryLevel
 .text.ptmSysmInit
                0x0012a034       0x78 /opt/devkitpro/libctru/lib/libctru.a(ptmsysm.o)
                0x0012a034                ptmSysmInit
 .text.ptmSysmExit
                0x0012a0ac       0x3c /opt/devkitpro/libctru/lib/libctru.a(ptmsysm.o)
                0x0012a0ac                ptmSysmExit
 .text.PTMSYSM_ConfigureNew3DSCPU
                0x0012a0e8       0x34 /opt/devkitpro/libctru/lib/libctru.a(ptmsysm.o)
                0x0012a0e8                PTMSYSM_ConfigureNew3DSCPU
 .text.ptmuInit
                0x0012a11c       0x78 /opt/devkitpro/libctru/lib/libctru.a(ptmu.o)
                0x0012a11c                ptmuInit
 .text.ptmuExit
                0x0012a194       0x3c /opt/devkitpro/libctru/lib/libctru.a(ptmu.o)
                0x0012a194                ptmuExit
 .text.PTMU_GetBatteryLevel
                0x0012a1d0       0x38 /opt/devkitpro/libctru/lib/libctru.a(ptmu.o)
                0x0012a1d0                PTMU_GetBatteryLevel
 .text.PTMU_GetBatteryChargeState
                0x0012a208       0x38 /opt/devkitpro/libctru/lib/libctru.a(ptmu.o)
                0x0012a208                PTMU_GetBatteryChargeState
 .text.soc_read
                0x0012a240       0x34 /opt/devkitpro/libctru/lib/libctru.a(soc_init.o)
 .text.soc_write
                0x0012a274       0x34 /opt/devkitpro/libctru/lib/libctru.a(soc_init.o)
 .text.soc_close
                0x0012a2a8       0xb0 /opt/devkitpro/libctru/lib/libctru.a(soc_init.o)
 .text.socInit  0x0012a358      0x190 /opt/devkitpro/libctru/lib/libctru.a(soc_init.o)
                0x0012a358                socInit
 .text.socExit  0x0012a4e8       0x88 /opt/devkitpro/libctru/lib/libctru.a(soc_init.o)
                0x0012a4e8                socExit
 .text.socuipc_cmd7
                0x0012a570      0x148 /opt/devkitpro/libctru/lib/libctru.a(soc_recvfrom.o)
                0x0012a570                socuipc_cmd7
 .text.socuipc_cmd8
                0x0012a6b8      0x168 /opt/devkitpro/libctru/lib/libctru.a(soc_recvfrom.o)
                0x0012a6b8                socuipc_cmd8
 .text.soc_recvfrom
                0x0012a820       0x10 /opt/devkitpro/libctru/lib/libctru.a(soc_recvfrom.o)
                0x0012a820                soc_recvfrom
 .text.socuipc_cmd9
                0x0012a830      0x15c /opt/devkitpro/libctru/lib/libctru.a(soc_sendto.o)
                0x0012a830                socuipc_cmd9
 .text.socuipc_cmda
                0x0012a98c      0x160 /opt/devkitpro/libctru/lib/libctru.a(soc_sendto.o)
                0x0012a98c                socuipc_cmda
 .text.soc_sendto
                0x0012aaec       0x10 /opt/devkitpro/libctru/lib/libctru.a(soc_sendto.o)
                0x0012aaec                soc_sendto
 .text.swkbdMessageCallback
                0x0012aafc      0x190 /opt/devkitpro/libctru/lib/libctru.a(swkbd.o)
 .text.swkbdInit
                0x0012ac8c       0x84 /opt/devkitpro/libctru/lib/libctru.a(swkbd.o)
                0x0012ac8c                swkbdInit
 .text.swkbdSetFeatures
                0x0012ad10       0x40 /opt/devkitpro/libctru/lib/libctru.a(swkbd.o)
                0x0012ad10                swkbdSetFeatures
 .text.swkbdSetHintText
                0x0012ad50       0x64 /opt/devkitpro/libctru/lib/libctru.a(swkbd.o)
                0x0012ad50                swkbdSetHintText
 .text.swkbdSetInitialText
                0x0012adb4        0x8 /opt/devkitpro/libctru/lib/libctru.a(swkbd.o)
                0x0012adb4                swkbdSetInitialText
 .text.swkbdInputText
                0x0012adbc      0x3a8 /opt/devkitpro/libctru/lib/libctru.a(swkbd.o)
                0x0012adbc                swkbdInputText
 .text.buffer_read
                0x0012b164       0xe0 /opt/devkitpro/libctru/lib/libctru.a(decompress.o)
 .text.iov_read
                0x0012b244       0xcc /opt/devkitpro/libctru/lib/libctru.a(decompress.o)
 .text.iov_memmove
                0x0012b310      0x164 /opt/devkitpro/libctru/lib/libctru.a(decompress.o)
 .text.decompress_rle
                0x0012b474      0x1e0 /opt/devkitpro/libctru/lib/libctru.a(decompress.o)
 .text.decompress_lzss
                0x0012b654      0x264 /opt/devkitpro/libctru/lib/libctru.a(decompress.o)
 .text.decompress_lz11
                0x0012b8b8      0x418 /opt/devkitpro/libctru/lib/libctru.a(decompress.o)
 .text.decompress_huff.isra.0
                0x0012bcd0      0x33c /opt/devkitpro/libctru/lib/libctru.a(decompress.o)
 .text.decompressCallback_Stdio
                0x0012c00c       0x10 /opt/devkitpro/libctru/lib/libctru.a(decompress.o)
                0x0012c00c                decompressCallback_Stdio
 .text.decompressHeader
                0x0012c01c       0xe4 /opt/devkitpro/libctru/lib/libctru.a(decompress.o)
                0x0012c01c                decompressHeader
 .text.decompressV
                0x0012c100      0x21c /opt/devkitpro/libctru/lib/libctru.a(decompress.o)
                0x0012c100                decompressV
 .text.rbtree_find
                0x0012c31c       0x74 /opt/devkitpro/libctru/lib/libctru.a(rbtree_find.o)
                0x0012c31c                rbtree_find
 .text.rbtree_init
                0x0012c390       0x10 /opt/devkitpro/libctru/lib/libctru.a(rbtree_init.o)
                0x0012c390                rbtree_init
 .text.do_insert
                0x0012c3a0      0x198 /opt/devkitpro/libctru/lib/libctru.a(rbtree_insert.o)
 .text.rbtree_insert
                0x0012c538        0x8 /opt/devkitpro/libctru/lib/libctru.a(rbtree_insert.o)
                0x0012c538                rbtree_insert
 .text.rbtree_remove
                0x0012c540      0x310 /opt/devkitpro/libctru/lib/libctru.a(rbtree_remove.o)
                0x0012c540                rbtree_remove
 .text.rbtree_rotate
                0x0012c850       0x90 /opt/devkitpro/libctru/lib/libctru.a(rbtree_rotate.o)
                0x0012c850                rbtree_rotate
 .text.decode_utf8
                0x0012c8e0      0x140 /opt/devkitpro/libctru/lib/libctru.a(decode_utf8.o)
                0x0012c8e0                decode_utf8
 .text.utf16_to_utf8
                0x0012ca20       0xe8 /opt/devkitpro/libctru/lib/libctru.a(utf16_to_utf8.o)
                0x0012ca20                utf16_to_utf8
 .text.utf8_to_utf16
                0x0012cb08       0xc0 /opt/devkitpro/libctru/lib/libctru.a(utf8_to_utf16.o)
                0x0012cb08                utf8_to_utf16
 .text.__system_allocateHeaps
                0x0012cbc8      0x1e8 /opt/devkitpro/libctru/lib/libctru.a(allocateHeaps.o)
                0x0012cbc8                __system_allocateHeaps
 .text.__libctru_init
                0x0012cdb0       0x38 /opt/devkitpro/libctru/lib/libctru.a(ctru_init.o)
                0x0012cdb0                __libctru_init
 .text.__system_initArgv
                0x0012cde8      0x16c /opt/devkitpro/libctru/lib/libctru.a(initArgv.o)
                0x0012cde8                __system_initArgv
 .text.__syscall_getreent
                0x0012cf54       0x30 /opt/devkitpro/libctru/lib/libctru.a(syscalls.o)
                0x0012cf54                __syscall_getreent
 .text.__syscall_gettod_r
                0x0012cf84       0x64 /opt/devkitpro/libctru/lib/libctru.a(syscalls.o)
                0x0012cf84                __syscall_gettod_r
 .text.__syscall_lock_acquire
                0x0012cfe8        0x4 /opt/devkitpro/libctru/lib/libctru.a(syscalls.o)
                0x0012cfe8                __syscall_lock_acquire
 .text.__syscall_lock_release
                0x0012cfec        0x4 /opt/devkitpro/libctru/lib/libctru.a(syscalls.o)
                0x0012cfec                __syscall_lock_release
 .text.__syscall_lock_acquire_recursive
                0x0012cff0        0x4 /opt/devkitpro/libctru/lib/libctru.a(syscalls.o)
                0x0012cff0                __syscall_lock_acquire_recursive
 .text.__syscall_lock_release_recursive
                0x0012cff4        0x4 /opt/devkitpro/libctru/lib/libctru.a(syscalls.o)
                0x0012cff4                __syscall_lock_release_recursive
 .text.__syscall_exit
                0x0012cff8        0x4 /opt/devkitpro/libctru/lib/libctru.a(syscalls.o)
                0x0012cff8                __syscall_exit
 .text.initThreadVars
                0x0012cffc       0x54 /opt/devkitpro/libctru/lib/libctru.a(syscalls.o)
                0x0012cffc                initThreadVars
 .text.__system_initSyscalls
                0x0012d050       0x80 /opt/devkitpro/libctru/lib/libctru.a(syscalls.o)
                0x0012d050                __system_initSyscalls
 .text.svcControlMemory
                0x0012d0d0       0x20 /opt/devkitpro/libctru/lib/libctru.a(svc.o)
                0x0012d0d0                svcControlMemory
 .text.svcQueryMemory
                0x0012d0f0       0x30 /opt/devkitpro/libctru/lib/libctru.a(svc.o)
                0x0012d0f0                svcQueryMemory
 .text.svcExitProcess
                0x0012d120        0x8 /opt/devkitpro/libctru/lib/libctru.a(svc.o)
                0x0012d120                svcExitProcess
 .text.svcCreateThread
                0x0012d128       0x20 /opt/devkitpro/libctru/lib/libctru.a(svc.o)
                0x0012d128                svcCreateThread
 .text.svcExitThread
                0x0012d148        0x8 /opt/devkitpro/libctru/lib/libctru.a(svc.o)
                0x0012d148                svcExitThread
 .text.svcSleepThread
                0x0012d150        0x8 /opt/devkitpro/libctru/lib/libctru.a(svc.o)
                0x0012d150                svcSleepThread
 .text.svcReleaseMutex
                0x0012d158        0x8 /opt/devkitpro/libctru/lib/libctru.a(svc.o)
                0x0012d158                svcReleaseMutex
 .text.svcCreateEvent
                0x0012d160       0x14 /opt/devkitpro/libctru/lib/libctru.a(svc.o)
                0x0012d160                svcCreateEvent
 .text.svcSignalEvent
                0x0012d174        0x8 /opt/devkitpro/libctru/lib/libctru.a(svc.o)
                0x0012d174                svcSignalEvent
 .text.svcClearEvent
                0x0012d17c        0x8 /opt/devkitpro/libctru/lib/libctru.a(svc.o)
                0x0012d17c                svcClearEvent
 .text.svcCreateMemoryBlock
                0x0012d184       0x18 /opt/devkitpro/libctru/lib/libctru.a(svc.o)
                0x0012d184                svcCreateMemoryBlock
 .text.svcMapMemoryBlock
                0x0012d19c        0x8 /opt/devkitpro/libctru/lib/libctru.a(svc.o)
                0x0012d19c                svcMapMemoryBlock
 .text.svcUnmapMemoryBlock
                0x0012d1a4        0x8 /opt/devkitpro/libctru/lib/libctru.a(svc.o)
                0x0012d1a4                svcUnmapMemoryBlock
 .text.svcCreateAddressArbiter
                0x0012d1ac       0x14 /opt/devkitpro/libctru/lib/libctru.a(svc.o)
                0x0012d1ac                svcCreateAddressArbiter
 .text.svcArbitrateAddressNoTimeout
                0x0012d1c0        0x8 /opt/devkitpro/libctru/lib/libctru.a(svc.o)
                0x0012d1c0                svcArbitrateAddressNoTimeout
 .text.svcCloseHandle
                0x0012d1c8        0x8 /opt/devkitpro/libctru/lib/libctru.a(svc.o)
                0x0012d1c8                svcCloseHandle
 .text.svcWaitSynchronization
                0x0012d1d0        0x8 /opt/devkitpro/libctru/lib/libctru.a(svc.o)
                0x0012d1d0                svcWaitSynchronization
 .text.svcWaitSynchronizationN
                0x0012d1d8       0x28 /opt/devkitpro/libctru/lib/libctru.a(svc.o)
                0x0012d1d8                svcWaitSynchronizationN
 .text.svcDuplicateHandle
                0x0012d200       0x14 /opt/devkitpro/libctru/lib/libctru.a(svc.o)
                0x0012d200                svcDuplicateHandle
 .text.svcGetSystemTick
                0x0012d214        0x8 /opt/devkitpro/libctru/lib/libctru.a(svc.o)
                0x0012d214                svcGetSystemTick
 .text.svcConnectToPort
                0x0012d21c       0x14 /opt/devkitpro/libctru/lib/libctru.a(svc.o)
                0x0012d21c                svcConnectToPort
 .text.svcSendSyncRequest
                0x0012d230        0x8 /opt/devkitpro/libctru/lib/libctru.a(svc.o)
                0x0012d230                svcSendSyncRequest
 .text.svcGetResourceLimit
                0x0012d238       0x14 /opt/devkitpro/libctru/lib/libctru.a(svc.o)
                0x0012d238                svcGetResourceLimit
 .text.svcGetResourceLimitLimitValues
                0x0012d24c        0x8 /opt/devkitpro/libctru/lib/libctru.a(svc.o)
                0x0012d24c                svcGetResourceLimitLimitValues
 .text.svcGetResourceLimitCurrentValues
                0x0012d254        0x8 /opt/devkitpro/libctru/lib/libctru.a(svc.o)
                0x0012d254                svcGetResourceLimitCurrentValues
 .text.svcBreak
                0x0012d25c        0x8 /opt/devkitpro/libctru/lib/libctru.a(svc.o)
                0x0012d25c                svcBreak
 .text.__aeabi_read_tp
                0x0012d264        0xc /opt/devkitpro/libctru/lib/libctru.a(readtp.o)
                0x0012d264                __aeabi_read_tp
 .text.initSystem
                0x0012d270       0x50 /opt/devkitpro/libctru/lib/libctru.a(stack_adjust.o)
                0x0012d270                initSystem
 .text.__ctru_exit
                0x0012d2c0       0x14 /opt/devkitpro/libctru/lib/libctru.a(stack_adjust.o)
                0x0012d2c0                __ctru_exit
 .text.envGetHandle
                0x0012d2d4       0x8c /opt/devkitpro/libctru/lib/libctru.a(env.o)
                0x0012d2d4                envGetHandle
 .text.envDestroyHandles
                0x0012d360       0x50 /opt/devkitpro/libctru/lib/libctru.a(env.o)
                0x0012d360                envDestroyHandles
 .text.srvInit  0x0012d3b0      0x164 /opt/devkitpro/libctru/lib/libctru.a(srv.o)
                0x0012d3b0                srvInit
 .text.srvExit  0x0012d514       0x64 /opt/devkitpro/libctru/lib/libctru.a(srv.o)
                0x0012d514                srvExit
 .text.srvEnableNotification
                0x0012d578       0x60 /opt/devkitpro/libctru/lib/libctru.a(srv.o)
                0x0012d578                srvEnableNotification
 .text.srvGetServiceHandleDirect
                0x0012d5d8       0xa0 /opt/devkitpro/libctru/lib/libctru.a(srv.o)
                0x0012d5d8                srvGetServiceHandleDirect
 .text.srvGetServiceHandle
                0x0012d678       0x48 /opt/devkitpro/libctru/lib/libctru.a(srv.o)
                0x0012d678                srvGetServiceHandle
 .text.srvSubscribe
                0x0012d6c0       0x34 /opt/devkitpro/libctru/lib/libctru.a(srv.o)
                0x0012d6c0                srvSubscribe
 .text.srvReceiveNotification
                0x0012d6f4       0x60 /opt/devkitpro/libctru/lib/libctru.a(srv.o)
                0x0012d6f4                srvReceiveNotification
 .text.srvPublishToSubscriber
                0x0012d754       0x38 /opt/devkitpro/libctru/lib/libctru.a(srv.o)
                0x0012d754                srvPublishToSubscriber
 .text.__sync_init
                0x0012d78c        0xc /opt/devkitpro/libctru/lib/libctru.a(synchronization.o)
                0x0012d78c                __sync_init
 .text.__sync_fini
                0x0012d798       0x18 /opt/devkitpro/libctru/lib/libctru.a(synchronization.o)
                0x0012d798                __sync_fini
 .text.syncArbitrateAddress
                0x0012d7b0       0x28 /opt/devkitpro/libctru/lib/libctru.a(synchronization.o)
                0x0012d7b0                syncArbitrateAddress
 .text.LightLock_Init
                0x0012d7d8       0x1c /opt/devkitpro/libctru/lib/libctru.a(synchronization.o)
                0x0012d7d8                LightLock_Init
 .text.LightLock_Lock
                0x0012d7f4       0xac /opt/devkitpro/libctru/lib/libctru.a(synchronization.o)
                0x0012d7f4                LightLock_Lock
 .text.LightLock_Unlock
                0x0012d8a0       0x40 /opt/devkitpro/libctru/lib/libctru.a(synchronization.o)
                0x0012d8a0                LightLock_Unlock
 .text.RecursiveLock_Lock
                0x0012d8e0       0x54 /opt/devkitpro/libctru/lib/libctru.a(synchronization.o)
                0x0012d8e0                RecursiveLock_Lock
 .text.RecursiveLock_Unlock
                0x0012d934       0x54 /opt/devkitpro/libctru/lib/libctru.a(synchronization.o)
                0x0012d934                RecursiveLock_Unlock
 .text.LightEvent_Init
                0x0012d988       0x44 /opt/devkitpro/libctru/lib/libctru.a(synchronization.o)
                0x0012d988                LightEvent_Init
 .text.LightEvent_Clear
                0x0012d9cc       0xb8 /opt/devkitpro/libctru/lib/libctru.a(synchronization.o)
                0x0012d9cc                LightEvent_Clear
 .text.LightEvent_Signal
                0x0012da84       0xdc /opt/devkitpro/libctru/lib/libctru.a(synchronization.o)
                0x0012da84                LightEvent_Signal
 .text.LightEvent_TryWait
                0x0012db60       0x50 /opt/devkitpro/libctru/lib/libctru.a(synchronization.o)
                0x0012db60                LightEvent_TryWait
 .text.LightEvent_Wait
                0x0012dbb0       0xac /opt/devkitpro/libctru/lib/libctru.a(synchronization.o)
                0x0012dbb0                LightEvent_Wait
 .text.threadCreate
                0x0012dc5c      0x1fc /opt/devkitpro/libctru/lib/libctru.a(thread.o)
                0x0012dc5c                threadCreate
 .text.threadFree
                0x0012de58       0x38 /opt/devkitpro/libctru/lib/libctru.a(thread.o)
                0x0012de58                threadFree
 .text.threadJoin
                0x0012de90       0x24 /opt/devkitpro/libctru/lib/libctru.a(thread.o)
                0x0012de90                threadJoin
 .text.threadGetCurrent
                0x0012deb4       0x30 /opt/devkitpro/libctru/lib/libctru.a(thread.o)
                0x0012deb4                threadGetCurrent
 .text.threadExit
                0x0012dee4       0x40 /opt/devkitpro/libctru/lib/libctru.a(thread.o)
                0x0012dee4                threadExit
 .text._thread_begin
                0x0012df24       0x20 /opt/devkitpro/libctru/lib/libctru.a(thread.o)
 .text.mappableFindAddressWithin
                0x0012df44       0x90 /opt/devkitpro/libctru/lib/libctru.a(mappable.o)
 .text.mappableInit
                0x0012dfd4       0x28 /opt/devkitpro/libctru/lib/libctru.a(mappable.o)
                0x0012dfd4                mappableInit
 .text.mappableAlloc
                0x0012dffc       0x7c /opt/devkitpro/libctru/lib/libctru.a(mappable.o)
                0x0012dffc                mappableAlloc
 .text.mappableFree
                0x0012e078        0x4 /opt/devkitpro/libctru/lib/libctru.a(mappable.o)
                0x0012e078                mappableFree
 .text.srvPmGetSessionHandle
                0x0012e07c        0xc /opt/devkitpro/libctru/lib/libctru.a(srvpm.o)
                0x0012e07c                srvPmGetSessionHandle
 .text._net_convert_error
                0x0012e088       0x3c /opt/devkitpro/libctru/lib/libctru.a(soc_common.o)
                0x0012e088                _net_convert_error
 .text.rbtree_node_next
                0x0012e0c4       0x60 /opt/devkitpro/libctru/lib/libctru.a(rbtree_iterator.o)
                0x0012e0c4                rbtree_node_next
 .text.decode_utf16
                0x0012e124       0x54 /opt/devkitpro/libctru/lib/libctru.a(decode_utf16.o)
                0x0012e124                decode_utf16
 .text.encode_utf16
                0x0012e178       0x54 /opt/devkitpro/libctru/lib/libctru.a(encode_utf16.o)
                0x0012e178                encode_utf16
 .text.encode_utf8
                0x0012e1cc       0xe0 /opt/devkitpro/libctru/lib/libctru.a(encode_utf8.o)
                0x0012e1cc                encode_utf8
 .text.__appExit
                0x0012e2ac       0x30 /opt/devkitpro/libctru/lib/libctru.a(appExit.o)
                0x0012e2ac                __appExit
 .text.__appInit
                0x0012e2dc       0x30 /opt/devkitpro/libctru/lib/libctru.a(appInit.o)
                0x0012e2dc                __appInit
 .text.__libctru_exit
                0x0012e30c       0x90 /opt/devkitpro/libctru/lib/libctru.a(ctru_exit.o)
                0x0012e30c                __libctru_exit
 .text.error_cmp
                0x0012e39c       0x24 /opt/devkitpro/libctru/lib/libctru.a(archive_dev.o)
 .text.archive_translate_error
                0x0012e3c0       0x50 /opt/devkitpro/libctru/lib/libctru.a(archive_dev.o)
 .text.archive_seek
                0x0012e410       0xc0 /opt/devkitpro/libctru/lib/libctru.a(archive_dev.o)
 .text._archiveInit.part.0
                0x0012e4d0       0x78 /opt/devkitpro/libctru/lib/libctru.a(archive_dev.o)
 .text.archiveFindDevice.part.0
                0x0012e548      0x110 /opt/devkitpro/libctru/lib/libctru.a(archive_dev.o)
 .text.archive_utf16path
                0x0012e658      0x298 /opt/devkitpro/libctru/lib/libctru.a(archive_dev.o)
 .text._archiveUnmountDeviceStruct.part.0
                0x0012e8f0       0x98 /opt/devkitpro/libctru/lib/libctru.a(archive_dev.o)
 .text._archiveMountDevice
                0x0012e988      0x178 /opt/devkitpro/libctru/lib/libctru.a(archive_dev.o)
 .text.archive_diropen
                0x0012eb00       0xf8 /opt/devkitpro/libctru/lib/libctru.a(archive_dev.o)
 .text.archive_fstat
                0x0012ebf8       0xac /opt/devkitpro/libctru/lib/libctru.a(archive_dev.o)
 .text.archive_fsync
                0x0012eca4       0x74 /opt/devkitpro/libctru/lib/libctru.a(archive_dev.o)
 .text.archive_close
                0x0012ed18       0x74 /opt/devkitpro/libctru/lib/libctru.a(archive_dev.o)
 .text.archive_dirclose
                0x0012ed8c       0x78 /opt/devkitpro/libctru/lib/libctru.a(archive_dev.o)
 .text.sdmc_statvfs
                0x0012ee04       0xec /opt/devkitpro/libctru/lib/libctru.a(archive_dev.o)
 .text.archive_chdir
                0x0012eef0       0xf8 /opt/devkitpro/libctru/lib/libctru.a(archive_dev.o)
 .text.archive_ftruncate
                0x0012efe8       0x8c /opt/devkitpro/libctru/lib/libctru.a(archive_dev.o)
 .text.archive_read
                0x0012f074       0xbc /opt/devkitpro/libctru/lib/libctru.a(archive_dev.o)
 .text.archive_unlink
                0x0012f130       0xa8 /opt/devkitpro/libctru/lib/libctru.a(archive_dev.o)
 .text.archive_rmdir
                0x0012f1d8       0xc0 /opt/devkitpro/libctru/lib/libctru.a(archive_dev.o)
 .text.archive_mkdir
                0x0012f298       0xd8 /opt/devkitpro/libctru/lib/libctru.a(archive_dev.o)
 .text.archive_stat
                0x0012f370      0x1a0 /opt/devkitpro/libctru/lib/libctru.a(archive_dev.o)
 .text.archive_dirnext
                0x0012f510      0x164 /opt/devkitpro/libctru/lib/libctru.a(archive_dev.o)
 .text.archive_write
                0x0012f674      0x13c /opt/devkitpro/libctru/lib/libctru.a(archive_dev.o)
 .text.archive_open
                0x0012f7b0      0x254 /opt/devkitpro/libctru/lib/libctru.a(archive_dev.o)
 .text.archive_rename
                0x0012fa04      0x270 /opt/devkitpro/libctru/lib/libctru.a(archive_dev.o)
 .text.archiveMountSdmc
                0x0012fc74      0x1c8 /opt/devkitpro/libctru/lib/libctru.a(archive_dev.o)
                0x0012fc74                archiveMountSdmc
 .text.archiveUnmountAll
                0x0012fe3c       0x54 /opt/devkitpro/libctru/lib/libctru.a(archive_dev.o)
                0x0012fe3c                archiveUnmountAll
 .text.fmodf    0x0012fe90       0x74 /opt/devkitpro/devkitARM/lib/gcc/arm-none-eabi/15.2.0/../../../../arm-none-eabi/lib/armv6k/fpu/libm.a(libm_a-wf_fmod.o)
                0x0012fe90                fmodf
 *fill*         0x0012ff04        0x4 
 .text.sinf     0x0012ff08      0x264 /opt/devkitpro/devkitARM/lib/gcc/arm-none-eabi/15.2.0/../../../../arm-none-eabi/lib/armv6k/fpu/libm.a(libm_a-sinf.o)
                0x0012ff08                sinf
 .text.fminf    0x0013016c       0x54 /opt/devkitpro/devkitARM/lib/gcc/arm-none-eabi/15.2.0/../../../../arm-none-eabi/lib/armv6k/fpu/libm.a(libm_a-sf_fmin.o)
                0x0013016c                fminf
 .text.__ieee754_fmodf
                0x001301c0      0x214 /opt/devkitpro/devkitARM/lib/gcc/arm-none-eabi/15.2.0/../../../../arm-none-eabi/lib/armv6k/fpu/libm.a(libm_a-ef_fmod.o)
                0x001301c0                __ieee754_fmodf
 *fill*         0x001303d4        0x4 
 .text.powf     0x001303d8      0x3f4 /opt/devkitpro/devkitARM/lib/gcc/arm-none-eabi/15.2.0/../../../../arm-none-eabi/lib/armv6k/fpu/libm.a(libm_a-sf_pow.o)
                0x001303d8                powf
 .text.fmaxf    0x001307cc       0x54 /opt/devkitpro/devkitARM/lib/gcc/arm-none-eabi/15.2.0/../../../../arm-none-eabi/lib/armv6k/fpu/libm.a(libm_a-sf_fmax.o)
                0x001307cc                fmaxf
 .text.with_errnof
                0x00130820       0x24 /opt/devkitpro/devkitARM/lib/gcc/arm-none-eabi/15.2.0/../../../../arm-none-eabi/lib/armv6k/fpu/libm.a(libm_a-math_errf.o)
 .text.xflowf   0x00130844       0x18 /opt/devkitpro/devkitARM/lib/gcc/arm-none-eabi/15.2.0/../../../../arm-none-eabi/lib/armv6k/fpu/libm.a(libm_a-math_errf.o)
 .text.__math_uflowf
                0x0013085c        0xc /opt/devkitpro/devkitARM/lib/gcc/arm-none-eabi/15.2.0/../../../../arm-none-eabi/lib/armv6k/fpu/libm.a(libm_a-math_errf.o)
                0x0013085c                __math_uflowf
 .text.__math_may_uflowf
                0x00130868        0xc /opt/devkitpro/devkitARM/lib/gcc/arm-none-eabi/15.2.0/../../../../arm-none-eabi/lib/armv6k/fpu/libm.a(libm_a-math_errf.o)
                0x00130868                __math_may_uflowf
 .text.__math_oflowf
                0x00130874        0xc /opt/devkitpro/devkitARM/lib/gcc/arm-none-eabi/15.2.0/../../../../arm-none-eabi/lib/armv6k/fpu/libm.a(libm_a-math_errf.o)
                0x00130874                __math_oflowf
 .text.__math_divzerof
                0x00130880       0x2c /opt/devkitpro/devkitARM/lib/gcc/arm-none-eabi/15.2.0/../../../../arm-none-eabi/lib/armv6k/fpu/libm.a(libm_a-math_errf.o)
                0x00130880                __math_divzerof
 .text.__math_invalidf
                0x001308ac       0x1c /opt/devkitpro/devkitARM/lib/gcc/arm-none-eabi/15.2.0/../../../../arm-none-eabi/lib/armv6k/fpu/libm.a(libm_a-math_errf.o)
                0x001308ac                __math_invalidf
 .text.ceilf    0x001308c8       0xc0 /opt/devkitpro/devkitARM/lib/gcc/arm-none-eabi/15.2.0/../../../../arm-none-eabi/lib/armv6k/fpu/libm.a(libm_a-sf_ceil.o)
                0x001308c8                ceilf
 .text.cosf     0x00130988      0x25c /opt/devkitpro/devkitARM/lib/gcc/arm-none-eabi/15.2.0/../../../../arm-none-eabi/lib/armv6k/fpu/libm.a(libm_a-cosf.o)
                0x00130988                cosf
 .text.__fpclassifyf
                0x00130be4       0x5c /opt/devkitpro/devkitARM/lib/gcc/arm-none-eabi/15.2.0/../../../../arm-none-eabi/lib/armv6k/fpu/libm.a(libm_a-sf_fpclassify.o)
                0x00130be4                __fpclassifyf
 .text.__fixdfdi
                0x00130c40       0x2c /opt/devkitpro/devkitARM/lib/gcc/arm-none-eabi/15.2.0/armv6k/fpu/libgcc.a(_fixdfdi.o)
                0x00130c40                __aeabi_d2lz
                0x00130c40                __fixdfdi
 *fill*         0x00130c6c        0x4 
 .text.__fixunsdfdi
                0x00130c70       0x40 /opt/devkitpro/devkitARM/lib/gcc/arm-none-eabi/15.2.0/armv6k/fpu/libgcc.a(_fixunsdfdi.o)
                0x00130c70                __aeabi_d2ulz
                0x00130c70                __fixunsdfdi
 .text.__udivmoddi4
                0x00130cb0      0x130 /opt/devkitpro/devkitARM/lib/gcc/arm-none-eabi/15.2.0/armv6k/fpu/libgcc.a(_udivmoddi4.o)
                0x00130cb0                __udivmoddi4
 .text.strncat  0x00130de0       0xe4 /opt/devkitpro/devkitARM/lib/gcc/arm-none-eabi/15.2.0/../../../../arm-none-eabi/lib/armv6k/fpu/libg.a(libc_a-strncat.o)
                0x00130de0                strncat
 .text.ftell    0x00130ec4       0x34 /opt/devkitpro/devkitARM/lib/gcc/arm-none-eabi/15.2.0/../../../../arm-none-eabi/lib/armv6k/fpu/libg.a(libc_a-ftell.o)
                0x00130ec4                ftell
 .text.srand    0x00130ef8       0x1c /opt/devkitpro/devkitARM/lib/gcc/arm-none-eabi/15.2.0/../../../../arm-none-eabi/lib/armv6k/fpu/libg.a(libc_a-rand.o)
                0x00130ef8                srand
 .text.rand     0x00130f14       0x44 /opt/devkitpro/devkitARM/lib/gcc/arm-none-eabi/15.2.0/../../../../arm-none-eabi/lib/armv6k/fpu/libg.a(libc_a-rand.o)
                0x00130f14                rand
 .text.critical_factorization
                0x00130f58      0x130 /opt/devkitpro/devkitARM/lib/gcc/arm-none-eabi/15.2.0/../../../../arm-none-eabi/lib/armv6k/fpu/libg.a(libc_a-strstr.o)
 .text.two_way_long_needle
                0x00131088      0x33c /opt/devkitpro/devkitARM/lib/gcc/arm-none-eabi/15.2.0/../../../../arm-none-eabi/lib/armv6k/fpu/libg.a(libc_a-strstr.o)
 .text.strstr   0x001313c4      0x238 /opt/devkitpro/devkitARM/lib/gcc/arm-none-eabi/15.2.0/../../../../arm-none-eabi/lib/armv6k/fpu/libg.a(libc_a-strstr.o)
                0x001313c4                strstr
 .text.memcpy   0x001315fc      0x128 /opt/devkitpro/devkitARM/lib/gcc/arm-none-eabi/15.2.0/../../../../arm-none-eabi/lib/armv6k/fpu/libg.a(libc_a-memcpy-stub.o)
                0x001315fc                memcpy
 .text.strlen   0x00131724       0x8c /opt/devkitpro/devkitARM/lib/gcc/arm-none-eabi/15.2.0/../../../../arm-none-eabi/lib/armv6k/fpu/libg.a(libc_a-strlen.o)
                0x00131724                strlen
 .text._fread_r
                0x001317b0      0x334 /opt/devkitpro/devkitARM/lib/gcc/arm-none-eabi/15.2.0/../../../../arm-none-eabi/lib/armv6k/fpu/libg.a(libc_a-fread.o)
                0x001317b0                _fread_r
 .text.fread    0x00131ae4       0x38 /opt/devkitpro/devkitARM/lib/gcc/arm-none-eabi/15.2.0/../../../../arm-none-eabi/lib/armv6k/fpu/libg.a(libc_a-fread.o)
                0x00131ae4                fread
 .text.bsearch  0x00131b1c       0x78 /opt/devkitpro/devkitARM/lib/gcc/arm-none-eabi/15.2.0/../../../../arm-none-eabi/lib/armv6k/fpu/libg.a(libc_a-bsearch.o)
                0x00131b1c                bsearch
 .text._fopen_r
                0x00131b94      0x134 /opt/devkitpro/devkitARM/lib/gcc/arm-none-eabi/15.2.0/../../../../arm-none-eabi/lib/armv6k/fpu/libg.a(libc_a-fopen.o)
                0x00131b94                _fopen_r
 .text.fopen    0x00131cc8       0x28 /opt/devkitpro/devkitARM/lib/gcc/arm-none-eabi/15.2.0/../../../../arm-none-eabi/lib/armv6k/fpu/libg.a(libc_a-fopen.o)
                0x00131cc8                fopen
 .text.atof     0x00131cf0        0x8 /opt/devkitpro/devkitARM/lib/gcc/arm-none-eabi/15.2.0/../../../../arm-none-eabi/lib/armv6k/fpu/libg.a(libc_a-atof.o)
                0x00131cf0                atof
 .text.sulp     0x00131cf8       0x60 /opt/devkitpro/devkitARM/lib/gcc/arm-none-eabi/15.2.0/../../../../arm-none-eabi/lib/armv6k/fpu/libg.a(libc_a-strtod.o)
 .text._strtod_l
                0x00131d58     0x1428 /opt/devkitpro/devkitARM/lib/gcc/arm-none-eabi/15.2.0/../../../../arm-none-eabi/lib/armv6k/fpu/libg.a(libc_a-strtod.o)
                0x00131d58                _strtod_l
 .text.strtod   0x00133180       0x48 /opt/devkitpro/devkitARM/lib/gcc/arm-none-eabi/15.2.0/../../../../arm-none-eabi/lib/armv6k/fpu/libg.a(libc_a-strtod.o)
                0x00133180                strtod
 .text.memalign
                0x001331c8       0x28 /opt/devkitpro/devkitARM/lib/gcc/arm-none-eabi/15.2.0/../../../../arm-none-eabi/lib/armv6k/fpu/libg.a(libc_a-malign.o)
                0x001331c8                memalign
 .text.rshift   0x001331f0       0xf4 /opt/devkitpro/devkitARM/lib/gcc/arm-none-eabi/15.2.0/../../../../arm-none-eabi/lib/armv6k/fpu/libg.a(libc_a-gdtoa-gethex.o)
 .text.__gethex
                0x001332e4      0x8b4 /opt/devkitpro/devkitARM/lib/gcc/arm-none-eabi/15.2.0/../../../../arm-none-eabi/lib/armv6k/fpu/libg.a(libc_a-gdtoa-gethex.o)
                0x001332e4                __gethex
 .text.snprintf
                0x00133b98       0xa0 /opt/devkitpro/devkitARM/lib/gcc/arm-none-eabi/15.2.0/../../../../arm-none-eabi/lib/armv6k/fpu/libg.a(libc_a-snprintf.o)
                0x00133b98                snprintf
 .text._strtoul_l.isra.0
                0x00133c38      0x1ec /opt/devkitpro/devkitARM/lib/gcc/arm-none-eabi/15.2.0/../../../../arm-none-eabi/lib/armv6k/fpu/libg.a(libc_a-strtoul.o)
 .text._strtoul_r
                0x00133e24       0x38 /opt/devkitpro/devkitARM/lib/gcc/arm-none-eabi/15.2.0/../../../../arm-none-eabi/lib/armv6k/fpu/libg.a(libc_a-strtoul.o)
                0x00133e24                _strtoul_r
 .text.strtoul  0x00133e5c       0x3c /opt/devkitpro/devkitARM/lib/gcc/arm-none-eabi/15.2.0/../../../../arm-none-eabi/lib/armv6k/fpu/libg.a(libc_a-strtoul.o)
                0x00133e5c                strtoul
 .text.remove   0x00133e98       0x58 /opt/devkitpro/devkitARM/lib/gcc/arm-none-eabi/15.2.0/../../../../arm-none-eabi/lib/armv6k/fpu/libg.a(libc_a-remove.o)
                0x00133e98                remove
 .text.strchr   0x00133ef0      0x140 /opt/devkitpro/devkitARM/lib/gcc/arm-none-eabi/15.2.0/../../../../arm-none-eabi/lib/armv6k/fpu/libg.a(libc_a-strchr.o)
                0x00133ef0                strchr
 .text.memcmp   0x00134030       0xd8 /opt/devkitpro/devkitARM/lib/gcc/arm-none-eabi/15.2.0/../../../../arm-none-eabi/lib/armv6k/fpu/libg.a(libc_a-memcmp.o)
                0x00134030                memcmp
 .text.calloc   0x00134108       0x28 /opt/devkitpro/devkitARM/lib/gcc/arm-none-eabi/15.2.0/../../../../arm-none-eabi/lib/armv6k/fpu/libg.a(libc_a-calloc.o)
                0x00134108                calloc
 .text.validate_structure
                0x00134130      0x334 /opt/devkitpro/devkitARM/lib/gcc/arm-none-eabi/15.2.0/../../../../arm-none-eabi/lib/armv6k/fpu/libg.a(libc_a-mktime.o)
 .text.mktime   0x00134464      0x4d8 /opt/devkitpro/devkitARM/lib/gcc/arm-none-eabi/15.2.0/../../../../arm-none-eabi/lib/armv6k/fpu/libg.a(libc_a-mktime.o)
                0x00134464                mktime
 .text._memalign_r
                0x0013493c      0x16c /opt/devkitpro/devkitARM/lib/gcc/arm-none-eabi/15.2.0/../../../../arm-none-eabi/lib/armv6k/fpu/libg.a(libc_a-malignr.o)
                0x0013493c                _memalign_r
 .text.__errno  0x00134aa8        0xc /opt/devkitpro/devkitARM/lib/gcc/arm-none-eabi/15.2.0/../../../../arm-none-eabi/lib/armv6k/fpu/libg.a(libc_a-errno.o)
                0x00134aa8                __errno
 .text.__smakebuf_r
                0x00134ab4      0x164 /opt/devkitpro/devkitARM/lib/gcc/arm-none-eabi/15.2.0/../../../../arm-none-eabi/lib/armv6k/fpu/libg.a(libc_a-makebuf.o)
                0x00134ab4                __smakebuf_r
 .text.__swhatbuf_r
                0x00134c18       0x90 /opt/devkitpro/devkitARM/lib/gcc/arm-none-eabi/15.2.0/../../../../arm-none-eabi/lib/armv6k/fpu/libg.a(libc_a-makebuf.o)
                0x00134c18                __swhatbuf_r
 .text.__locale_mb_cur_max
                0x00134ca8       0x24 /opt/devkitpro/devkitARM/lib/gcc/arm-none-eabi/15.2.0/../../../../arm-none-eabi/lib/armv6k/fpu/libg.a(libc_a-locale.o)
                0x00134ca8                __locale_mb_cur_max
 .text.memset   0x00134ccc       0xe4 /opt/devkitpro/devkitARM/lib/gcc/arm-none-eabi/15.2.0/../../../../arm-none-eabi/lib/armv6k/fpu/libg.a(libc_a-memset.o)
                0x00134ccc                memset
 .text._calloc_r
                0x00134db0       0xd8 /opt/devkitpro/devkitARM/lib/gcc/arm-none-eabi/15.2.0/../../../../arm-none-eabi/lib/armv6k/fpu/libg.a(libc_a-callocr.o)
                0x00134db0                _calloc_r
 .text.__sflush_r
                0x00134e88      0x22c /opt/devkitpro/devkitARM/lib/gcc/arm-none-eabi/15.2.0/../../../../arm-none-eabi/lib/armv6k/fpu/libg.a(libc_a-fflush.o)
                0x00134e88                __sflush_r
 .text._fflush_r
                0x001350b4       0xc4 /opt/devkitpro/devkitARM/lib/gcc/arm-none-eabi/15.2.0/../../../../arm-none-eabi/lib/armv6k/fpu/libg.a(libc_a-fflush.o)
                0x001350b4                _fflush_r
 .text._fwrite_r