         w __deregister_frame_info
         w __register_frame_info
         w userAppExit
         w userAppInit
00000000 b _TLS_MODULE_BASE_
00000000 00000802 B __ctru_dev_utf16_buf
00000000 A __sync_synchronize
00000000 a shift
00000000 a shift
00000804 00000401 B __ctru_dev_path_buf
00100000 A __start__
00100000 T _start
00100008 T __service_ptr
0010000c T __apt_appid
00100010 T __heap_size
00100014 T __linear_heap_size
00100018 T __system_arglist
0010001c T __system_runflags
00100020 t startup
00100058 t ClearMem
0010006c t ClrLoop
00100094 T _init
001000ac t .udivsi3_skip_div0_test
001000ac T __aeabi_uidiv
001000ac 000001ec T __udivsi3
00100298 00000020 T __aeabi_uidivmod
001002b8 T __aeabi_idiv
001002b8 00000220 T __divsi3
001002c0 t .divsi3_skip_div0_test
001004d8 00000020 T __aeabi_idivmod
001004f8 00000004 W __aeabi_idiv0
001004f8 00000004 W __aeabi_ldiv0
001004fc T __aeabi_drsub
00100504 000002b0 T __aeabi_dsub
00100504 000002b0 T __subdf3
00100508 000002ac T __adddf3
00100508 000002ac T __aeabi_dadd
001007b4 00000024 T __aeabi_ui2d
001007b4 00000024 T __floatunsidf
001007d8 00000028 T __aeabi_i2d
001007d8 00000028 T __floatsidf
00100800 00000048 T __aeabi_f2d
00100800 00000048 T __extendsfdf2
00100848 00000074 T __aeabi_ul2d
00100848 00000074 T __floatundidf
0010085c 00000060 T __aeabi_l2d
0010085c 00000060 T __floatdidf
001008bc 0000019c T __aeabi_frsub
001008c4 00000194 T __aeabi_fsub
001008c4 00000194 T __subsf3
001008c8 00000190 T __addsf3
001008c8 00000190 T __aeabi_fadd
00100a58 00000028 T __aeabi_ui2f
00100a58 00000028 T __floatunsisf
00100a60 00000020 T __aeabi_i2f
00100a60 00000020 T __floatsisf
00100a80 0000008c T __aeabi_ul2f
00100a80 0000008c T __floatundisf
00100a90 0000007c T __aeabi_l2f
00100a90 0000007c T __floatdisf
00100b0c T __aeabi_ldivmod
00100be0 T __aeabi_uldivmod
00100c28 00000390 T strcmp
00100fb0 t __do_global_dtors_aux
00101000 t frame_dummy
0010102c 00000088 t getSeasonForDate
001010b4 0000011c t findAdjacentDiaryEntry
001011d0 00000244 t applyHoldTargetIncrement
00101414 00000294 t getHoldTargetAtTouch
001016a8 0000015c t getForestBackgroundImageForSeason
00101804 000002d0 t resetForestButterflies
00101ad4 000000fc t resetForestHedgehogs
00101bd0 000000b4 t initHare
00101c84 000000c0 t hareResumeWalking
00101d44 00000280 t loadWavFile
00101fc4 00000208 t updateAndDrawBottomRain
001021cc 00000144 t getRainbowColor
00102310 000000a4 t drawSlimShadowTitle
001023b4 000000a8 t getHareYForX
0010245c 000001c4 t initSingleCloud
00102620 00000a6c t initForestSky
0010308c 000000d8 t spawnForestPlane.part.0
00103164 00000284 t wrapTextIntoLines.constprop.0
001033e8 0000009c t getNoteTitleLine.constprop.0
00103484 000000a8 t getNotesOrderedByModified.constprop.0
0010352c 00000224 t updateAndDrawBottomSnow
00103750 00000360 t drawClouds
00103ab0 00000184 t drawStepperButtons
00103c34 00000438 t updateAndDrawForestBirds
0010406c 000018e4 t updateAndDrawForestRobin
00105950 0000067c t updateAndDrawForestPlane
00105fcc 0000030c t drawSun
001062d8 00000628 t fetchWeatherFromInternet.isra.0
00106900 00002acc t updateInput
001093cc 000017cc t updateAndDrawForestGreyBird
0010ab98 00003438 t drawBackground
0010dfd0 000078b8 t drawBottomScreen
00115888 0000350c T main
00118d94 00000044 t C2Di_FrameEndHook
00118dd8 00000368 T C2D_Init
00119140 0000004c T C2D_Fini
0011918c 000000bc T C2D_Prepare
00119248 00000048 T C2D_Flush
00119290 000000fc T C2D_SceneSize
0011938c 00000060 T C2D_CreateScreenTarget
001193ec 00000060 T C2D_TargetClear
0011944c 0000014c T C2Di_CalcQuad
00119598 00000054 T C2Di_AppendQuad
001195ec 00000040 T C2Di_AppendVtx
0011962c 00000738 T C2Di_Update
00119d64 000002e8 T C2D_DrawImage
0011a04c 000001e0 T C2D_DrawLine
0011a22c 00000168 T C2D_DrawRectangle
0011a394 00000174 T C2D_DrawEllipse
0011a508 00000068 T C2D_SpriteSheetLoadFromHandle
0011a570 00000048 T C2D_SpriteSheetLoad
0011a5b8 00000028 T C2D_SpriteSheetFree
0011a5e0 00000028 T C2D_SpriteSheetGetImage
0011a608 00000018 t C2Di_GlyphComp
0011a620 00000180 t C2Di_CalcLineWidths
0011a7a0 000001d0 T C2D_TextBufNew
0011a970 00000004 T C2D_TextBufDelete
0011a974 0000000c T C2D_TextBufClear
0011a980 000001c4 T C2D_TextFontParseLine
0011ab44 000000a4 T C2D_TextFontParse
0011abe8 00000010 T C2D_TextParse
0011abf8 00000030 T C2D_TextOptimize
0011ac28 000000e8 T C2D_TextGetDimensions
0011ad10 00000fdc T C2D_DrawText
0011bcec 00000050 T C2D_FontGlyphIndexFromCodePoint
0011bd3c 00000074 T C2D_FontCalcGlyphPos
0011bdb0 00000028 T AttrInfo_Init
0011bdd8 00000094 T AttrInfo_AddLoader
0011be6c 00000054 T C3D_SetAttrInfo
0011bec0 00000080 T C3Di_AttrInfoBind
0011bf40 00000004 W C3Di_LightEnvUpdate
0011bf44 00000004 W C3Di_LightEnvDirty
0011bf48 000000b4 t C3Di_AptEventHook
0011bffc 00000004 W C3Di_GasUpdate
0011c000 000001d0 T C3D_Init
0011c1d0 00000098 T C3D_SetViewport
0011c268 000004e8 T C3Di_UpdateContext
0011c750 000000e0 T C3Di_SplitFrame
0011c830 00000044 T C3D_Fini
0011c874 00000194 T C3D_BindProgram
0011ca08 00000024 T BufInfo_Init
0011ca2c 00000080 T BufInfo_Add
0011caac 0000003c T C3D_SetBufInfo
0011cae8 00000048 T C3Di_BufInfoBind
0011cb30 0000021c T C3D_DrawElements
0011cd4c 00000040 T C3D_DepthMap
0011cd8c 0000001c T C3D_CullFace
0011cda8 00000040 T C3D_StencilTest
0011cde8 00000024 T C3D_StencilOp
0011ce0c 0000001c T C3D_BlendingColor
0011ce28 00000024 T C3D_EarlyDepthTest
0011ce4c 0000002c T C3D_DepthTest
0011ce78 0000002c T C3D_AlphaTest
0011cea4 00000050 T C3D_AlphaBlend
0011cef4 00000030 T C3D_FragOpMode
0011cf24 00000044 T C3D_FragOpShadow
0011cf68 000001ac T C3Di_EffectBind
0011d114 0000001c T C3D_CalcColorBufSize
0011d130 0000001c T C3D_CalcDepthBufSize
0011d14c 00000044 T C3D_SetFrameBuf
0011d190 0000016c T C3Di_FrameBufBind
0011d2fc 000000c8 T C3D_FrameBufClear
0011d3c4 00000044 T C3D_FrameBufTransfer
0011d408 000000a8 T C3D_ImmSendAttrib
0011d4b0 00000070 T C3D_ProcTexInit
0011d520 00000054 T C3D_ProcTexBind
0011d574 0000005c T C3D_ProcTexLutBind
0011d5d0 000000a4 T ProcTexLut_FromArray
0011d674 00000178 T C3Di_ProcTexUpdate
0011d7ec 00000068 T C3Di_ProcTexDirty
0011d854 0000004c t onVBlank0
0011d8a0 0000004c t onVBlank1
0011d8ec 00000080 t C3Di_RenderTargetDestroy
0011d96c 000000f4 t onQueueFinish
0011da60 00000038 T C3Di_RenderQueueEnableVBlank
0011da98 00000030 T C3Di_RenderQueueDisableVBlank
0011dac8 00000060 T C3Di_RenderQueueInit
0011db28 000000b4 T C3Di_RenderQueueExit
0011dbdc 00000034 T C3Di_RenderQueueWaitDone
0011dc10 000000e8 T C3D_FrameBegin
0011dcf8 00000048 T C3D_FrameDrawOn
0011dd40 00000058 T C3D_FrameSplit
0011dd98 000001d0 T C3D_FrameEnd
0011df68 0000001c T C3D_FrameEndHook
0011df84 00000170 T C3D_RenderTargetCreate
0011e0f4 000000a8 T C3D_RenderTargetSetOutput
0011e19c 000000fc T C3D_SyncTextureCopy
0011e298 000003d8 t Tex3DSi_ImportCommon
0011e670 00000038 T Tex3DS_TextureImportStdio
0011e6a8 0000001c T Tex3DS_GetSubTexture
0011e6c4 00000004 T Tex3DS_TextureFree
0011e6c8 00000034 T C3D_GetTexEnv
0011e6fc 00000024 T C3Di_TexEnvBind
0011e720 00000290 T C3D_TexInitWithParams
0011e9b0 000000c8 T C3D_TexLoadImage
0011ea78 00000044 T C3D_TexBind
0011eabc 00000074 T C3D_TexDelete
0011eb30 0000014c T C3Di_SetTex
0011ec7c 00000290 T C3D_UpdateUniforms
0011ef0c 000000c0 T C3Di_DirtyUniforms
0011efcc 000000d8 T C3Di_LoadShaderUniforms
0011f0a4 00000028 T C3Di_ClearShaderUniforms
0011f0cc 000000cc T Mtx_Ortho
0011f198 000000cc T Mtx_OrthoTilt
0011f264 00000024 t addrMapNodeComparator(rbtree_node const*, rbtree_node const*)
0011f288 00000004 t addrMapNodeDestructor(rbtree_node*)
0011f28c 0000012c T linearMemAlign
0011f3b8 00000008 T linearAlloc
0011f3c0 0000005c T linearFree
0011f41c 00000088 T MemPool::CoalesceRight(MemBlock*)
0011f4a4 00000178 T MemPool::Allocate(MemChunk&, unsigned long, int)
0011f61c 00000118 T MemPool::Deallocate(MemChunk const&)
0011f734 00000030 T MemPool::GetFreeSpace()
0011f764 00000024 t addrMapNodeComparator(rbtree_node const*, rbtree_node const*)
0011f788 00000004 t addrMapNodeDestructor(rbtree_node*)
0011f78c 00000248 T vramMemAlignAt
0011f9d4 0000000c T vramAlloc
0011f9e0 0000000c T vramAllocAt
0011f9ec 00000094 T vramFree
0011fa80 0000009c T fontEnsureMapped
0011fb1c 00000100 T fontGlyphIndexFromCodePoint
0011fc1c 00000214 T fontCalcGlyphPos
0011fe30 000000cc t gfxPresentFramebuffer
0011fefc 0000001c T gfxIsWide
0011ff18 000000f8 T gfxSetScreenFormat
00120010 000000d8 T gfxInit
001200e8 00000010 T gfxInitDefault
001200f8 000000b8 T gfxExit
001201b0 000000a0 T gfxGetFramebuffer
00120250 00000028 T gfxScreenSwapBuffers
00120278 00000074 T osConvertVirtToPhys
001202ec 00000054 T osGetTimeRef
00120340 000000ec T osGetTime
0012042c 00000034 T __ctru_speedup_config
00120460 00000008 t romfs_close
00120468 000000ac t romfs_seek
00120514 00000024 t romfs_dirreset
00120538 000000c0 t fill_dir
001205f8 000002ac t romfs_dirnext
001208a4 00000074 t romfs_free
00120918 000000d0 t searchForFile.constprop.0
001209e8 000000d4 t searchForDir.constprop.0
00120abc 000001c0 t navigateToDir.constprop.0
00120c7c 00000114 t romfs_open
00120d90 0000004c t romfs_chdir
00120ddc 00000068 t romfs_diropen
00120e44 00000178 t romfs_stat
00120fbc 00000008 t romfs_dirclose
00120fc8 0000007c t romfs_fstat
00121044 000000d0 t romfs_read
00121114 00000294 T romfsMountFromFile
001213a8 00000098 T romfsMountFromCurrentProcess
00121440 00000258 T romfsMountSelf
00121698 000000a0 T romfsUnmount
00121738 0000013c T GPUCMD_Add
00121874 000000b0 T GPUCMD_Split
00121924 00000034 T f32tof16
00121958 00000034 T f32tof24
0012198c 00000038 T f32tof31
001219c4 00000010 T GX_BindQueue
001219d4 0000007c T GX_ProcessCommandList
00121a50 00000074 T GX_MemoryFill
00121ac4 00000074 T GX_DisplayTransfer
00121b38 00000078 T GX_TextureCopy
00121bb0 00000064 t gxCmdQueueDoCommands.part.0
00121c14 000000e4 T gxCmdQueueInterrupt
00121cf8 00000068 T gxCmdQueueClear
00121d60 00000108 T gxCmdQueueAdd
00121e68 00000080 T gxCmdQueueRun
00121ee8 00000064 T gxCmdQueueStop
00121f4c 000000ac T gxCmdQueueWait
00121ff8 000001e0 T shaderInstanceInit
001221d8 00000018 T shaderInstanceGetUniformLocation
001221f0 0000001c T shaderProgramInit
0012220c 00000074 T shaderProgramFree
00122280 00000094 T shaderProgramSetVsh
00122314 000008d0 T shaderProgramConfigure
00122be4 000001dc t DVLE_GenerateOutmap.part.0
00122dc0 000001ac T DVLB_ParseFile
00122f6c 00000050 T DVLB_Free
00122fbc 00000074 T DVLE_GetUniformRegister
00123030 00000158 t ndspUpdateMaster
00123188 00000108 t ndspFinalize
00123290 0000025c t ndspInitialize.part.0
001234ec 00000108 t ndspHookCallback
001235f8 00000318 t ndspThreadMain
00123910 000003f0 T ndspInit
00123d00 000000d8 T ndspExit
00123dd8 000000e0 T ndspChnReset
00123eb8 00000018 T ndspChnSetFormat
00123ed0 00000050 T ndspChnSetInterp
00123f20 00000060 T ndspChnSetRate
00123f80 00000080 T ndspChnSetMix
00124000 000000b0 T ndspChnWaveBufClear
001240b0 000000c8 T ndspChnWaveBufAdd
00124178 00000040 T ndspiInitChn
001241b8 0000002c T ndspiDirtyChn
001241e4 0000043c T ndspiUpdateChn
00124620 00000180 T ndspiReadChnState
001247a0 00000090 T acInit
00124830 0000003c T acExit
0012486c 00000038 T ACU_GetWifiStatus
001248a4 00000180 t aptConvertScreenForCapture
00124a24 00000138 T aptSendCommand
00124b60 00000044 t aptExitProcess
00124ba4 00000038 T aptShouldJumpToHome
00124bdc 00000394 T aptExit
00124f70 000000d8 T aptHandleSleep
00125048 00000034 T aptHook
0012507c 00000030 T aptUnhook
001250ac 0000001c T aptSetMessageCallback
001250c8 00000084 T APT_SleepIfShellClosed
0012514c 00000078 T aptSetSleepAllowed
001251c4 00000084 T APT_UnlockTransition
00125248 00000470 t aptEventHandler
001256b8 000000bc T APT_ReceiveParameter
00125774 000000b0 t aptReceiveParameter.constprop.0
00125828 00000294 t aptScreenTransfer
00125abc 000002d0 t aptWaitForWakeUp.isra.0
00125d8c 00000114 T aptLaunchLibraryApplet
00125ea0 000000f4 T aptJumpToHomeMenu
00125f94 00000058 T aptMainLoop
00125fec 00000240 T aptInit
0012622c 0000005c T APT_SendParameter
00126288 00000090 T APT_CheckNew3DS
00126318 00000048 T APT_GetSharedFont
00126360 000000a8 T cfguInit
00126408 0000003c T cfguExit
00126444 0000004c T CFGU_GetConfigInfoBlk2
00126490 000000a4 t DSP_LoadComponent.part.0
00126534 000000fc T dspInit
00126630 0000008c T dspExit
001266bc 00000024 T dspHook
001266e0 00000030 T dspUnhook
00126710 000000b4 T aptDspSleep
001267c4 000000b4 T aptDspWakeup
00126878 00000044 T aptDspCancel
001268bc 00000050 T DSP_FlushDataCache
0012690c 00000034 T DSP_SetSemaphore
00126940 00000034 T DSP_SetSemaphoreMask
00126974 00000038 T DSP_GetSemaphoreHandle
001269ac 0000003c T DSP_LoadComponent
001269e8 00000044 T DSP_RegisterInterruptEvents
00126a2c 00000078 T DSP_ReadPipeIfPossible
00126aa4 0000004c T DSP_WriteProcessPipe
00126af0 00000044 T DSP_ConvertProcessAddressFromDspDram
00126b34 00000044 T DSP_RecvData
00126b78 00000050 T DSP_RecvDataIsReady
00126bc8 00000104 T fsInit
00126ccc 0000003c T fsExit
00126d08 00000068 T fsExemptFromSession
00126d70 00000050 T fsUnexemptFromSession
00126dc0 000000cc T FSUSER_OpenFile
00126e8c 000000cc T FSUSER_OpenFileDirectly
00126f58 000000b8 T FSUSER_DeleteFile
00127010 000000f4 T FSUSER_RenameFile
00127104 000000b8 T FSUSER_DeleteDirectory
001271bc 000000d0 T FSUSER_CreateFile
0012728c 000000c0 T FSUSER_CreateDirectory
0012734c 000000f4 T FSUSER_RenameDirectory
00127440 000000b4 T FSUSER_OpenDirectory
001274f4 00000090 T FSUSER_OpenArchive
00127584 0000008c T FSUSER_CloseArchive
00127610 00000074 T FSUSER_GetSdmcArchiveResource
00127684 00000064 T FSUSER_IsSdmcWritable
001276e8 00000064 T FSFILE_Read
0012774c 0000006c T FSFILE_Write
001277b8 00000044 T FSFILE_GetSize
001277fc 00000028 T FSFILE_SetSize
00127824 0000003c T FSFILE_Close
00127860 00000024 T FSFILE_Flush
00127884 00000060 T FSDIR_Read
001278e4 0000003c T FSDIR_Close
00127920 00000c70 t gspHardwareInit
00128590 00000288 T gspInit
00128818 00000104 T gspExit
0012891c 00000010 T gspHasGpuRight
0012892c 000000a4 T gspPresentBuffer
001289d0 00000030 T gspSetEventCallback
00128a00 00000050 T gspWaitForEvent
00128a50 0000004c T gspWaitForAnyEvent
00128a9c 00000154 t gspEventThreadMain
00128bf0 0000012c T gspSubmitGxCommand
00128d1c 00000050 T GSPGPU_FlushDataCache
00128d6c 00000034 T GSPGPU_SetLcdForceBlack
00128da0 00000084 T GSPGPU_AcquireRight
00128e24 00000064 T GSPGPU_ReleaseRight
00128e88 0000007c T GSPGPU_ImportDisplayCaptureInfo
00128f04 0000002c T GSPGPU_SaveVramSysArea
00128f30 0000002c T GSPGPU_RestoreVramSysArea
00128f5c 00000024 W hidShouldUseIrrst
00128f80 000001cc T hidInit
0012914c 000000e8 T hidExit
00129234 000002a0 T hidScanInput
001294d4 00000010 T hidKeysHeld
001294e4 00000010 T hidKeysDown
001294f4 00000018 T hidTouchRead
0012950c 00000018 T hidCircleRead
00129524 00000200 T httpcInit
00129724 000000bc T httpcExit
001297e0 00000170 T httpcOpenContext
00129950 00000040 T httpcCloseContext
00129990 00000134 T httpcDownloadData
00129ac4 0000008c T httpcAddRequestHeaderField
00129b50 00000030 T httpcBeginRequest
00129b80 0000003c T httpcGetResponseStatusCode
00129bbc 00000034 T httpcSetKeepAlive
00129bf0 000001a4 T irrstInit
00129d94 000000dc T irrstExit
00129e70 000000b4 T irrstScanInput
00129f24 00000024 T irrstKeysHeld
00129f48 00000078 T mcuHwcInit
00129fc0 0000003c T mcuHwcExit
00129ffc 00000038 T MCUHWC_GetBatteryLevel
0012a034 00000078 T ptmSysmInit
0012a0ac 0000003c T ptmSysmExit
0012a0e8 00000034 T PTMSYSM_ConfigureNew3DSCPU
0012a11c 00000078 T ptmuInit
0012a194 0000003c T ptmuExit
0012a1d0 00000038 T PTMU_GetBatteryLevel
0012a208 00000038 T PTMU_GetBatteryChargeState
0012a240 00000034 t soc_read
0012a274 00000034 t soc_write
0012a2a8 000000b0 t soc_close
0012a358 00000190 T socInit
0012a4e8 00000088 T socExit
0012a570 00000148 T socuipc_cmd7
0012a6b8 00000168 T socuipc_cmd8
0012a820 00000010 T soc_recvfrom
0012a830 0000015c T socuipc_cmd9
0012a98c 00000160 T socuipc_cmda
0012aaec 00000010 T soc_sendto
0012aafc 00000190 t swkbdMessageCallback
0012ac8c 00000084 T swkbdInit
0012ad10 00000040 T swkbdSetFeatures
0012ad50 00000064 T swkbdSetHintText
0012adb4 00000008 T swkbdSetInitialText
0012adbc 000003a8 T swkbdInputText
0012b164 000000e0 t buffer_read
0012b244 000000cc t iov_read
0012b310 00000164 t iov_memmove
0012b474 000001e0 t decompress_rle
0012b654 00000264 t decompress_lzss
0012b8b8 00000418 t decompress_lz11
0012bcd0 0000033c t decompress_huff.isra.0
0012c00c 00000010 T decompressCallback_Stdio
0012c01c 000000e4 T decompressHeader
0012c100 0000021c T decompressV
0012c31c 00000074 T rbtree_find
0012c390 00000010 T rbtree_init
0012c3a0 00000198 t do_insert
0012c538 00000008 T rbtree_insert
0012c540 00000310 T rbtree_remove
0012c850 00000090 T rbtree_rotate
0012c8e0 00000140 T decode_utf8
0012ca20 000000e8 T utf16_to_utf8
0012cb08 000000c0 T utf8_to_utf16
0012cbc8 000001e8 W __system_allocateHeaps
0012cdb0 00000038 W __libctru_init
0012cde8 0000016c W __system_initArgv
0012cf54 00000030 T __syscall_getreent
0012cf84 00000064 T __syscall_gettod_r
0012cfe8 00000004 T __syscall_lock_acquire
0012cfec 00000004 T __syscall_lock_release
0012cff0 00000004 T __syscall_lock_acquire_recursive
0012cff4 00000004 T __syscall_lock_release_recursive
0012cff8 00000004 T __syscall_exit
0012cffc 00000054 T initThreadVars
0012d050 00000080 T __system_initSyscalls
0012d0d0 T svcControlMemory
0012d0f0 T svcQueryMemory
0012d120 T svcExitProcess
0012d128 T svcCreateThread
0012d148 T svcExitThread
0012d150 T svcSleepThread
0012d158 T svcReleaseMutex
0012d160 T svcCreateEvent
0012d174 T svcSignalEvent
0012d17c T svcClearEvent
0012d184 T svcCreateMemoryBlock
0012d19c T svcMapMemoryBlock
0012d1a4 T svcUnmapMemoryBlock
0012d1ac T svcCreateAddressArbiter
0012d1c0 T svcArbitrateAddressNoTimeout
0012d1c8 T svcCloseHandle
0012d1d0 T svcWaitSynchronization
0012d1d8 T svcWaitSynchronizationN
0012d200 T svcDuplicateHandle
0012d214 T svcGetSystemTick
0012d21c T svcConnectToPort
0012d230 T svcSendSyncRequest
0012d238 T svcGetResourceLimit
0012d24c T svcGetResourceLimitLimitValues
0012d254 T svcGetResourceLimitCurrentValues
0012d25c T svcBreak
0012d264 T __aeabi_read_tp
0012d270 W initSystem
0012d2c0 W __ctru_exit
0012d2d4 0000008c W envGetHandle
0012d360 00000050 W envDestroyHandles
0012d3b0 00000164 T srvInit
0012d514 00000064 T srvExit
0012d578 00000060 T srvEnableNotification
0012d5d8 000000a0 T srvGetServiceHandleDirect
0012d678 00000048 T srvGetServiceHandle
0012d6c0 00000034 T srvSubscribe
0012d6f4 00000060 T srvReceiveNotification
0012d754 00000038 T srvPublishToSubscriber
0012d78c 0000000c T __sync_init
0012d798 00000018 T __sync_fini
0012d7b0 00000028 T syncArbitrateAddress
0012d7d8 0000001c T LightLock_Init
0012d7f4 000000ac T LightLock_Lock
0012d8a0 00000040 T LightLock_Unlock
0012d8e0 00000054 T RecursiveLock_Lock
0012d934 00000054 T RecursiveLock_Unlock
0012d988 00000044 T LightEvent_Init
0012d9cc 000000b8 T LightEvent_Clear
0012da84 000000dc T LightEvent_Signal
0012db60 00000050 T LightEvent_TryWait
0012dbb0 000000ac T LightEvent_Wait
0012dc5c 000001fc T threadCreate
0012de58 00000038 T threadFree
0012de90 00000024 T threadJoin
0012deb4 00000030 T threadGetCurrent
0012dee4 00000040 T threadExit
0012df24 00000020 t _thread_begin
0012df44 00000090 t mappableFindAddressWithin
0012dfd4 00000028 T mappableInit
0012dffc 0000007c T mappableAlloc
0012e078 00000004 T mappableFree
0012e07c 0000000c T srvPmGetSessionHandle
0012e088 0000003c T _net_convert_error
0012e0c4 00000060 T rbtree_node_next
0012e124 00000054 T decode_utf16
0012e178 00000054 T encode_utf16
0012e1cc 000000e0 T encode_utf8
0012e2ac 00000030 W __appExit
0012e2dc 00000030 W __appInit
0012e30c 00000090 W __libctru_exit
0012e39c 00000024 t error_cmp
0012e3c0 00000050 t archive_translate_error
0012e410 000000c0 t archive_seek
0012e4d0 00000078 t _archiveInit.part.0
0012e548 00000110 t archiveFindDevice.part.0
0012e658 00000298 t archive_utf16path
0012e8f0 00000098 t _archiveUnmountDeviceStruct.part.0
0012e988 00000178 t _archiveMountDevice
0012eb00 000000f8 t archive_diropen
0012ebf8 000000ac t archive_fstat
0012eca4 00000074 t archive_fsync
0012ed18 00000074 t archive_close
0012ed8c 00000078 t archive_dirclose
0012ee04 000000ec t sdmc_statvfs
0012eef0 000000f8 t archive_chdir
0012efe8 0000008c t archive_ftruncate
0012f074 000000bc t archive_read
0012f130 000000a8 t archive_unlink
0012f1d8 000000c0 t archive_rmdir
0012f298 000000d8 t archive_mkdir
0012f370 000001a0 t archive_stat
0012f510 00000164 t archive_dirnext
0012f674 0000013c t archive_write
0012f7b0 00000254 t archive_open
0012fa04 00000270 t archive_rename
0012fc74 000001c8 T archiveMountSdmc
0012fe3c 00000054 T archiveUnmountAll
0012fe90 00000074 T fmodf
0012ff08 00000264 T sinf
0013016c 00000054 T fminf
001301c0 00000214 T __ieee754_fmodf
001303d8 000003f4 T powf
001307cc 00000054 T fmaxf
00130820 00000024 t with_errnof
00130844 00000018 t xflowf
0013085c 0000000c T __math_uflowf
00130868 0000000c T __math_may_uflowf
00130874 0000000c T __math_oflowf
00130880 0000002c T __math_divzerof
001308ac 0000001c T __math_invalidf
001308c8 000000c0 T ceilf
00130988 0000025c T cosf
00130be4 0000005c T __fpclassifyf
00130c40 0000002c T __aeabi_d2lz
00130c40 0000002c T __fixdfdi
00130c70 00000040 T __aeabi_d2ulz
00130c70 00000040 T __fixunsdfdi
00130cb0 00000130 T __udivmoddi4
00130de0 000000e4 T strncat
00130ec4 00000034 T ftell
00130ef8 0000001c T srand
00130f14 00000044 T rand
00130f58 00000130 t critical_factorization
00131088 0000033c t two_way_long_needle
001313c4 00000238 T strstr
001315fc 00000128 T memcpy
00131724 0000008c T strlen
001317b0 00000334 T _fread_r
00131ae4 00000038 T fread
00131b1c 00000078 T bsearch
00131b94 00000134 T _fopen_r
00131cc8 00000028 T fopen
00131cf0 00000008 T atof
00131cf8 00000060 t sulp
00131d58 00001428 T _strtod_l
00133180 00000048 T strtod
001331c8 00000028 T memalign
001331f0 000000f4 t rshift
001332e4 000008b4 T __gethex
00133b98 000000a0 T snprintf
00133c38 000001ec t _strtoul_l.isra.0
00133e24 00000038 T _strtoul_r
00133e5c 0000003c T strtoul
00133e98 00000058 T remove
00133ef0 00000140 T strchr
00134030 000000d8 T memcmp
00134108 00000028 T calloc
00134130 00000334 t validate_structure
00134464 000004d8 T mktime
0013493c 0000016c T _memalign_r
00134aa8 0000000c T __errno
00134ab4 00000164 T __smakebuf_r
00134c18 00000090 T __swhatbuf_r
00134ca8 00000024 T __locale_mb_cur_max
00134ccc 000000e4 T memset
00134db0 000000d8 T _calloc_r
00134e88 0000022c T __sflush_r
001350b4 000000c4 T _fflush_r
00135178 00000104 T _fwrite_r
0013527c 00000038 T fwrite
001352b4 00000028 T realloc
001352dc 000008e8 T qsort
00135bc4 000001c4 T _ftello_r
00135d88 00000258 T __tzcalc_limits
00135fe0 0000082c T _malloc_r
0013680c 00000114 T _malloc_trim_r
00136920 00000314 T _free_r
00136c34 00000294 T setvbuf
00136ec8 0000001c t stdio_exit_handler
00136ee4 0000005c t cleanup_stdio
00136f40 00000154 t global_stdio_init.part.0
00137094 00000138 T __sfp
001371cc 0000005c T __sinit
00137228 0000000c T __sfp_lock_acquire
00137234 0000000c T __sfp_lock_release
00137240 00000384 t _strtol_l.part.0
001375c4 0000006c T _strtol_r
00137630 00000084 T __libc_init_array
001376b4 000000d4 T strncpy
00137788 0000001c T _fseek_r
001377a4 00000034 T fseek
001377d8 00000010 T _tzset_unlocked
001377e8 00000040 T malloc
00137828 00000020 T free
00137848 0000000c T __gettzinfo
00137854 000000dc T _findenv_r
00137930 00000018 T _getenv_r
00137948 00000044 T __sread
0013798c 00000008 T __seofread
00137994 00000068 T __swrite
001379fc 00000040 T __sseek
00137a3c 00000008 T __sclose
00137a44 000004f0 T _realloc_r
00137f34 0000001c T localtime
00137f50 0000000c T __malloc_lock
00137f5c 0000000c T __malloc_unlock
00137f68 00000588 T _fseeko_r
001384f0 00000148 T _fclose_r
00138638 00000020 T fclose
00138658 00000048 T time
001386a0 00000004 W __call_exitprocs
001386a4 00000030 T exit
001386d4 000005e0 t get_arg
00138cb8 0000345c T _svfprintf_r
0013c114 000000b8 T __sflags
0013c1cc 000000f8 T __utf8_wctomb
0013c2c4 0000003c T __libc_fini_array
0013c300 0000003c T strnlen
0013c33c 000000d8 T strncmp
0013c414 00000648 T _tzset_unlocked_r
0013ca5c 00000070 T __match
0013cacc 000002a8 T __hexnan
0013cd74 00000038 t lflush
0013cdac 000001a8 T __srefill_r
0013cf58 00000010 T nan
0013cf68 00000088 T frexp
0013cff0 0000000c T __env_lock
0013cffc 0000000c T __env_unlock
0013d008 0000005c T __assert_func
0013d064 00000088 T _Balloc
0013d0ec 0000001c T _Bfree
0013d108 000000f4 T __multadd
0013d1fc 0000010c T __s2b
0013d308 00000080 T __hi0bits
0013d388 000000f0 T __lo0bits
0013d478 000000a4 T __i2b
0013d51c 00000230 T __multiply
0013d74c 00000130 T __pow5mult
0013d87c 00000138 T __lshift
0013d9b4 00000058 T __mcmp
0013da0c 00000218 T __mdiff
0013dc24 00000068 T __ulp
0013dc8c 000000d4 T __b2d
0013dd60 00000120 T __d2b
0013de80 00000078 T __ratio
0013def8 0000008c T __copybits
0013df84 0000005c T __any_on
0013dfe0 00000070 T _fwalk_sglue
0013e050 00000024 T div
0013e074 000000a0 T _wcrtomb_r
0013e114 000000a4 T __ssprint_r
0013e1b8 00000340 T __utf8_mbtowc
0013e4f8 0000003c T fiprintf
0013e534 000004a4 T __sfvwrite_r
0013e9d8 0000000c T __tz_lock
0013e9e4 0000000c T __tz_unlock
0013e9f0 00000014 T abort
0013ea04 000000f0 T strcpy
0013eaf4 0000035c T localtime_r
0013ee50 000001c0 t quorem
0013f010 00001420 T _dtoa_r
00140430 000000e8 T memchr
00140518 00000028 T _wcsrtombs_r
00140540 00000078 T siscanf
001405b8 00000140 T __swsetup_r
001406f8 00000024 T _localeconv_r
0014071c 000001a8 T memmove
001408c4 0000012c T __ssputs_r
001409f0 0000025c T gmtime_r
00140c4c 000005e0 t get_arg
0014122c 000022f8 T _vfiprintf_r
00143524 000000b4 t __sbprintf
001435d8 0000015c T _wcsnrtombs_l
00143734 00000064 T _wcsnrtombs_r
00143798 0000009c T _raise_r
00143834 00000020 T raise
00143854 00000030 T __sprint_r
00143884 00000050 t get_arg
001438d4 000000e4 T _sungetc_r
001439b8 0000006c T __ssrefill_r
00143a24 000000b4 T _sfread_r
00143ad8 000022c4 T __ssvfiscanf_r
00145d9c 00000008 T iswspace
00145da4 00000264 t _strtoull_l.isra.0
00146008 00000038 T _strtoull_r
00146040 000000b8 T __submore
001460f8 000000c4 T _mbrtowc_r
001461bc 000000f8 T __sccl
001462b4 0000047c t _strtoll_l.isra.0
00146730 00000038 T _strtoll_r
00146768 00000038 T iswspace_l
001467a0 00000090 T category
00146830 00000020 T _exit
00146850 00000140 T chdir
00146990 000001c8 T _concatenate_path
00146b58 0000009c T _fstat_r
00146bf4 00000014 T _getpid_r
00146c08 0000002c T __getreent
00146c34 00000030 T _gettimeofday_r
00146c64 000000a0 T __release_handle
00146d04 000000b0 T __alloc_handle
00146db4 00000058 T __get_handle
00146e0c 00000110 T _close_r
00146f1c 00000008 t null_write
00146f24 00000018 T setDefaultDevice
00146f3c 00000098 T FindDevice
00146fd4 00000024 T RemoveDevice
00146ff8 00000088 T AddDevice
00147080 00000020 T GetDeviceOpTab
001470a0 00000008 T _isatty_r
001470a8 00000014 T _kill_r
001470bc 00000094 T _lseek_r
00147150 00000068 T mkdir
001471b8 000000c0 T _open_r
00147278 00000094 T _read_r
0014730c 0000007c T _rmdir_r
00147388 00000078 W _sbrk_r
00147400 0000001c T __libc_lock_acquire
0014741c 0000001c T __libc_lock_release
00147438 0000001c T __libc_lock_acquire_recursive
00147454 0000001c T __libc_lock_release_recursive
00147470 00000078 T _unlink_r
001474e8 00000094 T _write_r
0014757c 00000048 T strrchr
001475c4 T _fini
001480f8 00000010 r forestButterflyColors
00148108 00000030 r hareWaypoints
00148138 00000010 r forestStarColors
00148148 00000088 r robinPerches
001481d0 00000070 r robinPerchesWinter
00148280 00000031 r CSWTCH.1205
001482b4 00000020 r labels.30
001482d4 00000030 r days.26
00148304 000002d0 r phaseThemes
001485d4 00000005 r envModeToPhase.24
001485dc 00000014 r envModeToSeason.23
001485dc 00000014 r envModeToSeasonStart.32
001485f0 00000058 r forestHedgehogPath
00148648 00000058 r forestButterflyPerches
001486a0 0000000c r forestLeafColors
001486ac 00000030 r calMonthNames.14
001486ac 00000030 r deMonthNames.11
001486dc 00000030 r cmyMonthNames.9
0014870c 00000014 r envSeasonLabels.4
00148720 00000010 r envIntervalMinutes
00148730 00000014 r envPhaseLabels.3
00148744 00000010 r dirLabels.2
00148754 00000024 r weatherLabels.1
00148778 00000034 r presetNames
001487ac 00000010 r scheduleLabels.0
001487e4 00000010 r chirpPaths.29
001487f4 00000004 r order.25
001487f8 00000010 r weatherScheduleMinutes
00148808 00000008 r s_defaultTint.0
00149af8 r .LC2
00149b70 R render2d_shbin
00149cfc 00000004 r depthFmtSizes
00149cfc R render2d_shbin_end
00149d00 00000005 r colorFmtSizes
00149d08 00000010 r CSWTCH.11
00149d18 00000038 r CSWTCH.19
00149d50 00000080 r romFS_devoptab
00149ddc 00000011 r dsp_filename.0
00149e0c 00000008 r morton_y.2
00149e14 00000008 r morton_x.3
00149e1c 00000008 r s_sleepWakeEvents.4
00149e24 0000000c r serviceNameTable.5
00149e30 00000014 r swkbdFeatures
00149e68 0000004d r _net_error_code_map
00149eb8 00000030 r error_table
00149ee8 00000080 r archive_devoptab
00149f68 00000008 r Zero
00149f70 00000060 R __inv_pio4
00149fd0 000000e0 R __sincosf_table
0014a0b0 00000128 R __powf_log2_data
0014a1d8 00000148 R __exp2f_data
0014a384 00000014 r fpinan.0
0014a398 00000014 r fpi.1
0014a3b0 00000028 r tinytens
0014a3d8 00000100 R __hexdig
0014a4d8 00000030 r _DAYS_BEFORE_MONTH
0014a508 00000030 r DAYS_IN_MONTH
0014a660 00000010 r zeroes.0
0014a670 00000010 r blanks.1
0014a680 00000101 R _ctype_
0014a784 00000060 R __month_lengths
0014a7e4 0000000c r p05.0
0014a7f0 00000028 R __mprec_bigtens
0014a818 000000c8 R __mprec_tens
0014a8e0 0000006c R __action_table
0014a94c 0000006c R __state_table
0014a9b8 00000100 R __chclass
0014abac 00000010 r zeroes.0
0014abbc 00000010 r blanks.1
0014ac4c 00000022 r basefix.0
0014ac70 000037f8 r categories
0014e468 00000080 R dotab_stdnull
0014e4e8 R __tdata_align
0014e4ec r __EH_FRAME_BEGIN__
0014e4ec R __exidx_end
0014e4ec R __exidx_start
0014f000 00000064 d settings
0014f064 00000004 d calEditYear
0014f068 00000004 d hareDirection
0014f06c 00000004 d hareX
0014f070 00000004 d hareStateDuration
0014f074 00000004 d activeCloudCount
0014f078 00000004 d currentEnvSeason
0014f07c 00000004 d forestPlaneTimer
0014f080 00000004 d robinNestVisitTimer
0014f084 00000004 d greyBirdAutoFlyTimer
0014f088 00000001 d currentForestPhase
0014f08c 00000004 d robinAutoFlyTimer
0014f090 00000004 d greyBirdNestVisitTimer
0014f094 00000001 d previousForestPhase
0014f098 00000004 d wasHourSlot.21
0014f09c 00000030 d weatherFetchStatus
0014f0d0 00000008 d lastWeatherTemp
0014f0d8 00000004 d noteViewIdx
0014f0dc 00000004 d activePresetSlot
0014f0e0 00000004 d debugPointerX
0014f0e4 00000004 d debugPointerY
0014f0e8 00000004 d calDisplayMonth
0014f0ec 00000004 d calDisplayYear
0014f0f0 00000004 d alarmLastTrigHour
0014f0f4 00000004 d alarmLastTrigMin
0014f0f8 00000004 d foxAnimFrameDuration
0014f0fc 00000004 d foxSpeed
0014f100 00000004 d diaryViewYear
0014f104 00000004 d diaryViewMonth
0014f108 00000004 d diaryViewDay
0014f10c 00000004 d wasHourSlotGB.19
0014f110 00000004 d currentTopR
0014f114 00000004 d currentTopG
0014f118 00000004 d currentTopB
0014f11c 00000004 d currentBotR
0014f120 00000004 d currentBotG
0014f124 00000004 d currentBotB
0014f128 00000004 d forestShootTimer
0014f12c 00000004 d forestBgTransitionDuration
0014f130 00000004 d spawnTimer.22
0014f134 00000004 d foxAppearTimer
0014f138 00000004 d foxX
0014f13c 00000004 d owlLastMinuteSeen
0014f140 00000004 d owlX
0014f144 00000004 d owlFlightStartX
0014f148 00000004 d owlY
0014f14c 00000004 d owlFlightStartY
0014f150 00000001 d owlAtHome
0014f154 00000004 d owlFlightTargetX
0014f158 00000004 d owlFlightTargetY
0014f15c 00000004 d owlFlightTotalDist
0014f160 00000004 d blinkFramesLeft.16
0014f164 0000001c d calDayLettersMon.13
0014f180 0000001c d calDayLettersSun.12
0014f19c 00000004 d batteryPercentPrecise
0014f1a0 00000004 d currentThemeTextR
0014f1a4 00000004 d currentThemeTextG
0014f1a8 00000004 d currentThemeTextB
0014f1ac 00000004 d currentClockG
0014f1b0 00000004 d currentClockB
0014f1b4 00000004 d currentClockR
0014f1b8 00000004 d ambientChirpNextInterval
0014f1bc 00000004 d ambientOwlNextInterval
0014f1c0 00000008 d framerateCounter
0014f1c8 00000004 d framerate
0014f1cc 00000004 d queueLock
0014f1d0 00000004 d aptChainloadDeliverArgSize
0014f1d4 00000004 d kCount
0014f1d8 00000004 d kInterval
0014f1dc 00000004 d kDelay
0014f1e0 00000080 d soc_devoptab
0014f260 W __stacksize__
0014f264 00000004 D _impure_ptr
0014f268 00000200 D _impure_data
0014f468 00000254 D __global_locale
0014f6bc 00000004 D __malloc_sbrk_base
0014f6c0 00000004 D __malloc_trim_threshold
0014f6c8 00000408 D __malloc_av_
0014fad0 0000000c D __sglue
0014fae0 00000058 d tzinfo
0014fb38 00000008 D _tzname
0014fb40 00000004 D environ
0014fb44 00000400 d _current_working_directory
0014ff48 00001000 d handles
00150f48 0000000c d __stderr_handle
00150f54 0000000c d __stdout_handle
00150f60 0000000c d __stdin_handle
00150f6c 0000008c D devoptab_list
00150ff8 00000004 d defaultDevice
00151004 d _GLOBAL_OFFSET_TABLE_
00151010 d __frame_dummy_init_array_entry
00151010 D __init_array_start
00151010 B __preinit_array_end
00151010 B __preinit_array_start
00151010 D __tdata_lma
00151010 D __tdata_lma_end
00151014 d __do_global_dtors_aux_fini_array_entry
00151014 D __fini_array_start
00151014 D __init_array_end
00151018 D __bss_start__
00151018 D __fini_array_end
00151018 00000004 b alarmEditHour
0015101c 00000004 b alarmEditMinute
00151020 00000004 b timerEditHour
00151024 00000004 b timerEditMinute
00151028 00000004 b timerEditSecond
0015102c 00000004 b calEditMonth
00151030 00000001 b currentScreen
00151031 00000001 b timerState
00151034 00000008 b seasonSpringDayImage
0015103c 00000008 b seasonSpringDawnImage
00151044 00000008 b seasonSpringDuskImage
0015104c 00000008 b seasonSpringNightImage
00151054 00000008 b seasonWinterDayImage
0015105c 00000008 b seasonWinterDawnImage
00151064 00000008 b seasonWinterDuskImage
0015106c 00000008 b seasonWinterNightImage
00151078 00000008 b seasonAutumnDayImage
00151080 00000008 b seasonAutumnDawnImage
00151088 00000008 b seasonAutumnDuskImage
00151090 00000008 b seasonAutumnNightImage
00151098 00000020 b forestPhaseImages
001510b8 00000080 b forestButterflies
00151138 0000002c b forestHedgehogs
00151164 00000001 b hareState
00151168 00000004 b hareStateTimer
0015116c 00000001 b hareHasEntered
00151170 00000004 b hareLifetimeTimer
00151174 00000001 b hareInited
00151178 00000004 b rainIntensity
0015117c 00000280 b bottomRainDrops
001513fc 000005a0 b clouds
0015199c 00000aa0 b forestStars
0015243c 00000060 b forestShoots
0015249c 00000118 b forestFireflies
001525b4 000000a8 b forestBirds
0015265c 000001e0 b forestLeaves
0015283c 0000000c b rareCloud
00152848 00000128 b forestPlane
00152970 00000060 b forestRobin
001529d0 00000060 b forestGreyBird
00152a30 00000004 b snowIntensity
00152a34 00000438 b bottomSnowFlakes
00152e70 00000008 b cloudImage5
00152e78 00000004 b forestPhaseTransition
00152e7c 00000001 b debugRobinSleepRequested
00152e7d 00000001 b wasAwakePhase.20
00152e7e 00000001 b debugRobinFlyRequested
00152e80 00000008 b robinFlyImageSxB
00152e88 00000008 b robinFlyImageSx
00152e90 00000008 b robinFlyImageDxB
00152e98 00000008 b robinFlyImageDx
00152ea0 00000008 b robinSleepImage
00152ea8 00000008 b robinImage
00152eb0 00000008 b robinImage2
00152eb8 00000008 b robinPeckDx
00152ec0 00000008 b robinPeckSx
00152ec8 00000008 b nestImage
00152ed0 00000001 b geoCacheValid
00152ed4 00000020 b geoCachedLocation
00152ef8 00000008 b geoCachedLat
00152f00 00000008 b geoCachedLon
00152f08 00000004 b realTimeWeatherType
00152f0c 00000004 b diaryTotalLines
00152f10 00000004 b diaryScrollRepeatTimer
00152f14 00000004 b diaryScrollOffset
00152f18 00000001 b noteDeleteConfirmPending
00152f1c 00000004 b noteTotalLines
00152f20 00000004 b noteScrollRepeatTimer
00152f24 00000004 b noteScrollOffset
00152f28 00000190 b nlOrderScroll.28
001530b8 00000004 b notesListSelectedIndex
001530bc 00000004 b notesListScrollRepeatTimer
001530c0 00000004 b notesListScrollOffset
001530c4 00000001 b currentHoldTarget
001530c8 00000004 b holdTimer
001530cc 00000001 b holdFirstTickDone
001530cd 00000001 b settingsDirty
001530ce 00000001 b debugPointerActive
001530cf 00000001 b alarmRinging
001530d0 00000001 b ringingFromTimer
001530d8 0000000c b alarmCfg
001530e4 00000001 b alarmDirty
001530e5 00000001 b audioReady
001530e6 00000001 b debugResetConfirmPending
001530e7 00000001 b forestPhaseManualOverride
001530e8 00000001 b lowerScreenOff
001530e9 00000001 b mainAlarmTextVisible
001530ec 00000004 b mainAlarmTextX0
001530f0 00000004 b mainAlarmTextX1
001530f4 00000004 b mainAlarmTextY0
001530f8 00000004 b mainAlarmTextY1
001530fc 00000001 b mainTimerTextVisible
00153100 00000004 b mainTimerTextX0
00153104 00000004 b mainTimerTextX1
00153108 00000004 b mainTimerTextY0
0015310c 00000004 b mainTimerTextY1
00153110 00000004 b weatherScheduleTimer
00153114 00000001 b alarmEditPM
00153118 00000004 b timerTotalSeconds
0015311c 00000004 b timerRemainingSeconds
00153120 00000004 b timerFrameAccumulator
00153124 00000004 b records
00153128 000000b0 b envPresets
001531d8 00000001 b debugFoxRunRequested
001531d9 00000001 b debugOwlFlyRequested
001531dc 00000004 b debugPointerDisplayMode
001531e0 00000190 b nlOrderTouch.27
00153370 00000001 b presetSaveMode
00153371 00000001 b wasAwakePhaseGB.18
00153374 00000008 b greyBirdFlyImageSxB
0015337c 00000008 b greyBirdFlyImageSx
00153384 00000008 b greyBirdFlyImageDxB
0015338c 00000008 b greyBirdFlyImageDx
00153394 00000008 b greyBirdSleepImage
0015339c 00000008 b greyBirdImageDx
001533a4 00000008 b greyBirdImageSx
001533ac 00000008 b greyBirdPeckDx
001533b4 00000008 b greyBirdPeckSx
001533bc 00000004 b alarmFlashPhase
001533c0 00000004 B globalAnimTime
001533c4 00000008 b cloudImage2
001533d0 00000008 b forestPreviousBgImage
001533d8 00000001 b forestBgFadeSymmetric
001533dc 00000008 b hedgehogImageDxB
001533e4 00000008 b hedgehogImageSxB
001533ec 00000008 b hedgehogImageDx
001533f4 00000008 b hedgehogImageSx
001533fc 00000001 b hareWasNightPhase
00153400 00000004 b hareAwayTimer
00153404 00000004 b hareStopMode
00153408 00000004 b hareStopPhase
0015340c 00000008 b hareGrazeDxImage
00153414 00000008 b hareGrazeDx2Image
0015341c 00000008 b hareGrazeSxImage
00153424 00000008 b hareGrazeSx2Image
0015342c 00000008 b hareStandDxBImage
00153434 00000008 b hareStandDxImage
0015343c 00000008 b hareStandSxBImage
00153444 00000008 b hareStandSxImage
0015344c 00000008 b hareDx1Image
00153454 00000008 b hareDx2Image
0015345c 00000008 b hareWalk1Image
00153464 00000008 b hareWalk2Image
0015346c 00000001 b foxState
0015346d 00000001 b foxGoingRight
0015346e 00000001 b foxHasPausedThisRun
00153470 00000004 b foxPauseTimer
00153478 00000008 b foxSxStandImage
00153480 00000008 b foxSx1Image
00153488 00000008 b foxSx2Image
00153490 00000008 b foxSx3Image
00153498 00000008 b foxSx4Image
001534a0 00000008 b foxSx5Image
001534a8 00000001 b wasDayPhase.17
001534a9 00000001 b owlFlightState
001534ac 00000004 b owlFlightProgress
001534b0 00000004 b owlFlapCounter
001534b4 00000008 b owlImage3sxd
001534bc 00000008 b owlImage3dxd
001534c4 00000008 b owlImage3sx
001534cc 00000008 b owlImage3dx
001534d4 00000004 b blinkDurationLeft.15
001534d8 00000008 b owlImage2
001534e0 00000008 b owlImage1
001534e8 000005a0 b rainDrops
00153a88 00000960 b snowFlakes
001543e8 0000047c b ui
00154864 00000001 b batteryCharging
00154865 00000001 b wifiConnectedCache
00154866 00000001 b wifiStrengthCache
00154868 00000004 b fpsDisplayValue
0015486c 00000960 b deLines.10
001551cc 00000190 b nlOrder.8
0015535c 00000190 b nlCardTouchY0.7
001554ec 00000190 b nlCardTouchIdx.6
0015567c 00000960 b nvLines.5
00155fdc 00000004 b socBuffer.33
00155fe0 00000030 b clockPresets
00156010 00000004 b staticBuf
00156014 00000004 b beepBufferSamples
00156018 00000004 b beepBuffer
0015601c 00000018 b beepWaveBuf
00156034 00000040 b chirpSounds
00156074 00000001 b anyChirpLoaded
00156078 00000018 b chirpWaveBuf
00156090 00000010 b rainNormalSound
001560a0 00000010 b rainHeavySound
001560b0 00000001 b rainAudioReady
001560b4 00000018 b rainHeavyWaveBuf
001560cc 00000018 b rainNormalWaveBuf
001560e4 00000010 b daySound
001560f4 00000001 b dayAudioReady
001560f8 00000018 b dayWaveBuf
00156110 00000010 b nightSound
00156120 00000001 b nightAudioReady
00156124 00000018 b nightWaveBuf
0015613c 00000010 b owlSound
0015614c 00000001 b owlAudioReady
00156150 00000018 b owlWaveBuf
00156168 00000004 b envPhaseCycleTimer
0015616c 00000004 b envSeasonCycleTimer
00156170 00000004 b weatherType
00156174 00000004 b sessionFrames
00156178 00000004 b fpsFrameCount
00156180 00000008 b fpsWindowStart
00156188 00000004 b wifiCheckCounter.31
0015618c 00000004 b alarmRepeatTimer
00156190 00000004 b ambientChirpTimer
00156194 00000004 b rainNormalVolume
00156198 00000004 b rainHeavyVolume
0015619c 00000004 b dayVolume
001561a0 00000004 b nightVolume
001561a4 00000004 b ambientOwlTimer
001561a8 000052d0 b notes
0015b478 0000a8c0 b diaryEntries
00165d38 000005a8 B __C2Di_Context
001662e0 00000040 b s_projTop
00166320 00000040 b s_projBot
00166360 00000004 b uLoc_mdlvMtx
00166364 00000004 b uLoc_projMtx
00166368 00000004 b s_glyphSheets
0016636c 00000004 b s_textScale
00166370 b completed.1
00166374 b object.0
0016638c 0000000c b hookCookie
00166398 000002d0 B __C3D_Context
00166668 00000004 b frameEndCbData
0016666c 00000004 b frameEndCb
00166670 00000008 b frameCounter
00166678 00000001 b isTopStereo
00166679 00000001 b needSwapBot
0016667a 00000001 b needSwapTop
0016667b 00000001 b measureGpuTime
0016667c 00000001 b inSafeTransfer
0016667d 00000001 b inFrame
00166680 00000010 b cpuTime
00166690 00000010 b gpuTime
001666a0 0000000c b linkedTarget
001666ac 00000004 b lastTarget
001666b0 00000004 b firstTarget
001666b4 00000008 b C3Di_IVUnifEverDirty
001666bc 000000c0 b C3Di_FVUnifEverDirty
0016677c 00000018 b C3Di_ShaderFVecData
00166794 00000002 B C3D_BoolUnifsDirty
00166798 00000008 B C3D_IVUnifDirty
001667a0 000000c0 B C3D_FVUnifDirty
00166860 00000004 B C3D_BoolUnifs
00166864 00000020 B C3D_IVUnif
00166884 00000c00 B C3D_FVUnif
00167488 00000008 b sLinearPool
00167490 0000000c b sAddrMap
001674a0 00000008 b sVramPoolB
001674a8 00000008 b sVramPoolA
001674b0 0000000c b sAddrMap
001674bc 00000004 b sharedFontAddr
001674c0 00000004 B g_sharedFont
001674c4 00000004 b screenAlloc
001674c8 00000004 b screenFree
001674cc 00000002 b gfxIsDoubleBuf
001674d0 00000002 b gfxCurBuf
001674d2 00000001 b gfxIsVram
001674d3 00000001 b gfxTopMode
001674d4 00000002 b gfxFramebufferFormats
001674d8 00000004 b gfxBottomFramebufferMaxSize
001674dc 00000004 b gfxTopFramebufferMaxSize
001674e0 00000008 b gfxBottomFramebuffers
001674e8 00000008 b gfxTopFramebuffers
001674f0 00000001 V __ctru_speedup
001674f4 00000004 b romfs_mount_list
001674f8 00000004 V __romfs_path
001674fc 00000004 B gpuCmdBufOffset
00167500 00000004 B gpuCmdBufSize
00167504 00000004 B gpuCmdBuf
00167508 00000004 b boundQueue
0016750c 00000001 b shouldStop
0016750d 00000001 b isRunning
0016750e 00000001 b isActive
00167510 00000004 b curQueue
00167514 00000004 b ndspRefCount
00167518 00000048 b ndspMaster
00167560 00000004 b ndspThread
00167564 00000001 b ndspThreadRun
00167568 00001080 b dspVar5Backup
001685e8 00000004 b ndspMutex
001685ec 00000008 b sleepEvent
001685f4 00000004 b dspSem
001685f8 00000004 b irqEvent
001685fc 00000008 b ndspHookCookie
00168604 00000001 b componentFree
00168606 00000002 b componentDataMask
00168608 00000002 b componentProgMask
0016860c 00000004 b componentSize
00168610 00000004 b componentBin
00168614 00000004 b frameCount
00168618 00000004 b droppedFrames
0016861c 00000001 b bCancelReceived
0016861d 00000001 b bSleeping
0016861e 00000001 b bEnteringSleep
0016861f 00000001 b bDspReady
00168620 00000080 B ndspVars
001686a0 00000002 B ndspBufferId
001686a2 00000002 B ndspBufferCurId
001686a4 00000002 B ndspFrameId
001686a8 00000c60 b ndspChn
00169308 00000004 b acRefCount
0016930c 00000004 b acHandle
00169310 00000001 b flagValue.0
00169311 00000001 b flagInit.1
00169314 00000004 b serviceName.6
00169318 00000001 b aptChainloadFlags
00169319 00000001 b aptChainloadMediatype
0016931c 00000020 b aptChainloadHmac
0016933c 00000300 b aptChainloadDeliverArg
00169640 00000008 b aptChainloadTid
00169648 00001000 b aptParameters
0016a648 00000004 b aptFlags
0016a64c 00000001 b aptHomeButtonState
0016a650 00000004 b aptMessageFuncData
0016a654 00000004 b aptMessageFunc
0016a658 0000000c b aptFirstHook
0016a664 00000001 b aptEventHandlerThreadQuit
0016a668 00000004 b aptEventHandlerThread
0016a66c 00000008 b aptSleepEvent
0016a674 00000008 b aptReceiveEvent
0016a67c 00000008 b aptEvents
0016a684 00000004 b aptLockHandle
0016a688 00000004 b aptRefCount
0016a68c 00000004 b cfguRefCount
0016a690 00000004 b cfguHandle
0016a694 00000002 b dspSavedCompDataMask
0016a696 00000002 b dspSavedCompProgMask
0016a698 00000004 b dspSavedCompSize
0016a69c 00000004 b dspSavedCompBin
0016a6a0 00000001 b dspSleeping
0016a6a1 00000001 b dspComponentLoaded
0016a6a4 00000008 b dspFirstHook
0016a6ac 00000004 b dspRefCount
0016a6b0 00000004 b dspHandle
0016a6b8 00000080 b fsExemptArchives
0016a738 00000004 b fsuRefCount
0016a73c 00000004 b fsuHandle
0016a740 00000007 b gspEventCbOneShot
0016a748 0000001c b gspEventCbData
0016a764 0000001c b gspEventCb
0016a780 00000038 b gspEvents
0016a7b8 00000004 b gspLastEvent
0016a7bc 00000001 b gspRunEvents
0016a7c0 00000004 b gspEventThread
0016a7c4 00000004 b gspEvent
0016a7c8 00000001 b gspGpuRight
0016a7c9 00000001 b gspThreadId
0016a7cc 00000004 b gspSharedMem
0016a7d0 00000004 b gspSharedMemHandle
0016a7d4 00000004 b gspRefCount
0016a7d8 00000004 b gspGpuHandle
0016a7dc 00000001 b usingIrrst
0016a7e0 00000004 b hidRefCount
0016a7e4 00000006 b gRate
0016a7ec 00000006 b aVec
0016a7f4 00000004 b cPos
0016a7f8 00000004 b tPos
0016a7fc 00000004 b kRepeat
0016a800 00000004 b kUp
0016a804 00000004 b kDown
0016a808 00000004 b kHeld
0016a80c 00000004 b kOld
0016a810 00000004 B hidSharedMem
0016a814 00000014 B hidEvents
0016a828 00000004 B hidMemHandle
0016a82c 00000004 B hidHandle
0016a830 00000004 b __httpc_sharedmem_handle
0016a834 00000004 b __httpc_sharedmem_size
0016a838 00000004 B __httpc_sharedmem_addr
0016a83c 00000004 b __httpc_refcount
0016a840 00000004 B __httpc_servhandle
0016a844 00000004 b irrstRefCount
0016a848 00000004 b csPos
0016a84c 00000004 b kHeld
0016a850 00000004 B irrstSharedMem
0016a854 00000004 B irrstEvent
0016a858 00000004 B irrstMemHandle
0016a85c 00000004 B irrstHandle
0016a860 00000004 b mcuHwcRefCount
0016a864 00000004 b mcuHwcHandle
0016a868 00000004 b ptmSysmRefCount
0016a86c 00000004 b ptmSysmHandle
0016a870 00000004 b ptmuRefCount
0016a874 00000004 b ptmuHandle
0016a878 00000004 b swkbdSharedMemHandle
0016a87c 00000004 b swkbdSharedMem
0016a880 00000004 V __ctru_linear_heap_size
0016a884 00000004 V __ctru_heap_size
0016a888 00000004 B __ctru_linear_heap
0016a88c 00000004 B __ctru_heap
0016a890 00000004 B __system_retAddr
0016a894 00000004 B __system_argv
0016a898 00000004 B __system_argc
0016a89c b saved_stack
0016a8a4 00000004 B __3dslink_host
0016a8a8 00000004 b srvRefCount
0016a8ac 00000004 b srvHandle
0016a8b0 00000004 b arbiter
0016a8b4 00000004 b currentAddr
0016a8b8 00000004 b maxAddr
0016a8bc 00000004 b minAddr
0016a8c0 00000004 b srvPmHandle
0016a8c4 00000004 B socMemhandle
0016a8c8 00000004 B SOCU_handle
0016a8d0 000005c0 b archive_devices
0016ae90 00000004 b archive_device_cwd
0016ae94 00000001 b archive_initialized
0016ae98 00000028 B __malloc_current_mallinfo
0016aec0 00000004 B __malloc_max_total_mem
0016aec4 00000004 B __malloc_max_sbrked_mem
0016aec8 00000004 B __malloc_top_pad
0016aecc 0000000c b __sfp_recursive_mutex
0016aed8 00000168 B __sf
0016b040 00000004 B __stdio_exit_handler
0016b044 0000000c b __malloc_recursive_mutex
0016b050 00000004 b prev_tzenv
0016b054 0000000c b __tzname_dst
0016b060 0000000c b __tzname_std
0016b06c 0000000c b __env_recursive_mutex
0016b078 00000004 B _timezone
0016b07c 00000004 B _daylight
0016b080 00000004 b __tz_mutex
0016b084 00000004 b initial_env
0016b088 00000400 b temp_cwd
0016b488 00000004 b __hndl_lock
0016b48c 00000004 B fake_heap_start
0016b490 00000004 B fake_heap_end
0016b494 00000004 b heap_start.0
0016b498 B __tls_start
0016c0a0 B __bss_end__
0016c0a0 A __end__
0016c0a0 B __tls_end
